[2025-08-18T10:32:35.733+0530][gc,init] CardTable entry size: 512
[2025-08-18T10:32:35.734+0530][gc     ] Using G1
[2025-08-18T10:32:38.170+0530][gc,init] Version: 21.0.4+7-LTS (release)
[2025-08-18T10:32:38.170+0530][gc,init] CPUs: 12 total, 12 available
[2025-08-18T10:32:38.170+0530][gc,init] Memory: 15591M
[2025-08-18T10:32:38.170+0530][gc,init] Large Page Support: Disabled
[2025-08-18T10:32:38.170+0530][gc,init] NUMA Support: Disabled
[2025-08-18T10:32:38.170+0530][gc,init] Compressed Oops: Enabled (Zero based)
[2025-08-18T10:32:38.170+0530][gc,init] Heap Region Size: 32M
[2025-08-18T10:32:38.170+0530][gc,init] Heap Min Capacity: 6G
[2025-08-18T10:32:38.170+0530][gc,init] Heap Initial Capacity: 6G
[2025-08-18T10:32:38.170+0530][gc,init] Heap Max Capacity: 12G
[2025-08-18T10:32:38.171+0530][gc,init] Pre-touch: Enabled
[2025-08-18T10:32:38.171+0530][gc,init] Parallel Workers: 10
[2025-08-18T10:32:38.171+0530][gc,init] Concurrent Workers: 3
[2025-08-18T10:32:38.171+0530][gc,init] Concurrent Refinement Workers: 10
[2025-08-18T10:32:38.171+0530][gc,init] Periodic GC: Disabled
[2025-08-18T10:32:38.172+0530][gc,metaspace] CDS archive(s) not mapped
[2025-08-18T10:32:38.173+0530][gc,metaspace] Compressed class space mapped at: 0x0000000800000000-0x0000000834000000, reserved size: 872415232
[2025-08-18T10:32:38.173+0530][gc,metaspace] Narrow klass base: 0x0000000800000000, Narrow klass shift: 0, Narrow klass range: 0x34000000
[2025-08-18T10:32:42.418+0530][gc,start    ] GC(0) Pause Young (Normal) (G1 Evacuation Pause)
[2025-08-18T10:32:42.419+0530][gc,task     ] GC(0) Using 10 workers of 10 for evacuation
[2025-08-18T10:32:42.430+0530][gc,phases   ] GC(0)   Pre Evacuate Collection Set: 0.2ms
[2025-08-18T10:32:42.431+0530][gc,phases   ] GC(0)   Merge Heap Roots: 0.1ms
[2025-08-18T10:32:42.431+0530][gc,phases   ] GC(0)   Evacuate Collection Set: 9.2ms
[2025-08-18T10:32:42.431+0530][gc,phases   ] GC(0)   Post Evacuate Collection Set: 1.4ms
[2025-08-18T10:32:42.431+0530][gc,phases   ] GC(0)   Other: 0.8ms
[2025-08-18T10:32:42.431+0530][gc,heap     ] GC(0) Eden regions: 9->0(8)
[2025-08-18T10:32:42.431+0530][gc,heap     ] GC(0) Survivor regions: 0->1(2)
[2025-08-18T10:32:42.431+0530][gc,heap     ] GC(0) Old regions: 0->0
[2025-08-18T10:32:42.431+0530][gc,heap     ] GC(0) Humongous regions: 0->0
[2025-08-18T10:32:42.431+0530][gc,metaspace] GC(0) Metaspace: 40885K(41344K)->40885K(41344K) NonClass: 35902K(36160K)->35902K(36160K) Class: 4983K(5184K)->4983K(5184K)
[2025-08-18T10:32:42.431+0530][gc          ] GC(0) Pause Young (Normal) (G1 Evacuation Pause) 288M->21M(6144M) 12.837ms
[2025-08-18T10:32:42.431+0530][gc,cpu      ] GC(0) User=0.03s Sys=0.02s Real=0.01s
[2025-08-18T10:32:45.031+0530][gc,start    ] GC(1) Pause Young (Normal) (G1 Evacuation Pause)
[2025-08-18T10:32:45.032+0530][gc,task     ] GC(1) Using 10 workers of 10 for evacuation
[2025-08-18T10:32:45.049+0530][gc,phases   ] GC(1)   Pre Evacuate Collection Set: 0.2ms
[2025-08-18T10:32:45.049+0530][gc,phases   ] GC(1)   Merge Heap Roots: 0.1ms
[2025-08-18T10:32:45.049+0530][gc,phases   ] GC(1)   Evacuate Collection Set: 15.5ms
[2025-08-18T10:32:45.049+0530][gc,phases   ] GC(1)   Post Evacuate Collection Set: 1.9ms
[2025-08-18T10:32:45.049+0530][gc,phases   ] GC(1)   Other: 0.1ms
[2025-08-18T10:32:45.050+0530][gc,heap     ] GC(1) Eden regions: 8->0(7)
[2025-08-18T10:32:45.050+0530][gc,heap     ] GC(1) Survivor regions: 1->2(2)
[2025-08-18T10:32:45.050+0530][gc,heap     ] GC(1) Old regions: 0->0
[2025-08-18T10:32:45.050+0530][gc,heap     ] GC(1) Humongous regions: 0->0
[2025-08-18T10:32:45.050+0530][gc,metaspace] GC(1) Metaspace: 56839K(57472K)->56839K(57472K) NonClass: 50606K(50944K)->50606K(50944K) Class: 6232K(6528K)->6232K(6528K)
[2025-08-18T10:32:45.050+0530][gc          ] GC(1) Pause Young (Normal) (G1 Evacuation Pause) 277M->41M(6144M) 18.183ms
[2025-08-18T10:32:45.050+0530][gc,cpu      ] GC(1) User=0.05s Sys=0.11s Real=0.02s
[2025-08-18T10:33:17.473+0530][gc,start    ] GC(2) Pause Young (Normal) (G1 Evacuation Pause)
[2025-08-18T10:33:17.473+0530][gc,task     ] GC(2) Using 10 workers of 10 for evacuation
[2025-08-18T10:33:17.498+0530][gc,phases   ] GC(2)   Pre Evacuate Collection Set: 0.6ms
[2025-08-18T10:33:17.498+0530][gc,phases   ] GC(2)   Merge Heap Roots: 0.1ms
[2025-08-18T10:33:17.498+0530][gc,phases   ] GC(2)   Evacuate Collection Set: 19.9ms
[2025-08-18T10:33:17.498+0530][gc,phases   ] GC(2)   Post Evacuate Collection Set: 3.2ms
[2025-08-18T10:33:17.498+0530][gc,phases   ] GC(2)   Other: 0.5ms
[2025-08-18T10:33:17.498+0530][gc,heap     ] GC(2) Eden regions: 7->0(7)
[2025-08-18T10:33:17.498+0530][gc,heap     ] GC(2) Survivor regions: 2->2(2)
[2025-08-18T10:33:17.498+0530][gc,heap     ] GC(2) Old regions: 0->1
[2025-08-18T10:33:17.498+0530][gc,heap     ] GC(2) Humongous regions: 0->0
[2025-08-18T10:33:17.498+0530][gc,metaspace] GC(2) Metaspace: 75838K(76736K)->75838K(76736K) NonClass: 66837K(67328K)->66837K(67328K) Class: 9001K(9408K)->9001K(9408K)
[2025-08-18T10:33:17.498+0530][gc          ] GC(2) Pause Young (Normal) (G1 Evacuation Pause) 265M->55M(6144M) 25.103ms
[2025-08-18T10:33:17.498+0530][gc,cpu      ] GC(2) User=0.06s Sys=0.28s Real=0.02s
[2025-08-18T10:33:21.495+0530][gc,start    ] GC(3) Pause Young (Normal) (G1 Evacuation Pause)
[2025-08-18T10:33:21.495+0530][gc,task     ] GC(3) Using 10 workers of 10 for evacuation
[2025-08-18T10:33:21.511+0530][gc,phases   ] GC(3)   Pre Evacuate Collection Set: 0.4ms
[2025-08-18T10:33:21.511+0530][gc,phases   ] GC(3)   Merge Heap Roots: 0.2ms
[2025-08-18T10:33:21.511+0530][gc,phases   ] GC(3)   Evacuate Collection Set: 13.6ms
[2025-08-18T10:33:21.511+0530][gc,phases   ] GC(3)   Post Evacuate Collection Set: 2.0ms
[2025-08-18T10:33:21.511+0530][gc,phases   ] GC(3)   Other: 0.1ms
[2025-08-18T10:33:21.511+0530][gc,heap     ] GC(3) Eden regions: 7->0(8)
[2025-08-18T10:33:21.511+0530][gc,heap     ] GC(3) Survivor regions: 2->1(2)
[2025-08-18T10:33:21.511+0530][gc,heap     ] GC(3) Old regions: 1->2
[2025-08-18T10:33:21.511+0530][gc,heap     ] GC(3) Humongous regions: 0->0
[2025-08-18T10:33:21.511+0530][gc,metaspace] GC(3) Metaspace: 77634K(78528K)->77634K(78528K) NonClass: 68436K(68928K)->68436K(68928K) Class: 9198K(9600K)->9198K(9600K)
[2025-08-18T10:33:21.511+0530][gc          ] GC(3) Pause Young (Normal) (G1 Evacuation Pause) 279M->63M(6144M) 16.693ms
[2025-08-18T10:33:21.512+0530][gc,cpu      ] GC(3) User=0.14s Sys=0.02s Real=0.02s
[2025-08-18T10:33:36.837+0530][gc,start    ] GC(4) Pause Young (Normal) (G1 Evacuation Pause)
[2025-08-18T10:33:36.837+0530][gc,task     ] GC(4) Using 10 workers of 10 for evacuation
[2025-08-18T10:33:36.849+0530][gc,phases   ] GC(4)   Pre Evacuate Collection Set: 0.2ms
[2025-08-18T10:33:36.849+0530][gc,phases   ] GC(4)   Merge Heap Roots: 0.1ms
[2025-08-18T10:33:36.849+0530][gc,phases   ] GC(4)   Evacuate Collection Set: 9.7ms
[2025-08-18T10:33:36.849+0530][gc,phases   ] GC(4)   Post Evacuate Collection Set: 2.3ms
[2025-08-18T10:33:36.849+0530][gc,phases   ] GC(4)   Other: 0.1ms
[2025-08-18T10:33:36.849+0530][gc,heap     ] GC(4) Eden regions: 8->0(7)
[2025-08-18T10:33:36.849+0530][gc,heap     ] GC(4) Survivor regions: 1->2(2)
[2025-08-18T10:33:36.850+0530][gc,heap     ] GC(4) Old regions: 2->2
[2025-08-18T10:33:36.850+0530][gc,heap     ] GC(4) Humongous regions: 0->0
[2025-08-18T10:33:36.850+0530][gc,metaspace] GC(4) Metaspace: 80039K(80960K)->80039K(80960K) NonClass: 70596K(71104K)->70596K(71104K) Class: 9443K(9856K)->9443K(9856K)
[2025-08-18T10:33:36.850+0530][gc          ] GC(4) Pause Young (Normal) (G1 Evacuation Pause) 319M->72M(6144M) 12.932ms
[2025-08-18T10:33:36.850+0530][gc,cpu      ] GC(4) User=0.00s Sys=0.00s Real=0.01s
[2025-08-18T10:35:54.374+0530][gc,heap,exit] Heap
[2025-08-18T10:35:54.374+0530][gc,heap,exit]  garbage-first heap   total 6291456K, used 290606K [0x0000000500000000, 0x0000000800000000)
[2025-08-18T10:35:54.374+0530][gc,heap,exit]   region size 32768K, 9 young (294912K), 2 survivors (65536K)
[2025-08-18T10:35:54.375+0530][gc,heap,exit]  Metaspace       used 82237K, committed 83136K, reserved 983040K
[2025-08-18T10:35:54.375+0530][gc,heap,exit]   class space    used 9765K, committed 10176K, reserved 851968K
