[2025-08-19T10:45:21.765+0530][gc,init] CardTable entry size: 512
[2025-08-19T10:45:21.766+0530][gc     ] Using G1
[2025-08-19T10:45:21.921+0530][gc,init] Version: 21.0.4+7-LTS (release)
[2025-08-19T10:45:21.921+0530][gc,init] CPUs: 12 total, 12 available
[2025-08-19T10:45:21.922+0530][gc,init] Memory: 15591M
[2025-08-19T10:45:21.922+0530][gc,init] Large Page Support: Disabled
[2025-08-19T10:45:21.922+0530][gc,init] NUMA Support: Disabled
[2025-08-19T10:45:21.922+0530][gc,init] Compressed Oops: Enabled (Zero based)
[2025-08-19T10:45:21.922+0530][gc,init] Heap Region Size: 32M
[2025-08-19T10:45:21.922+0530][gc,init] Heap Min Capacity: 6G
[2025-08-19T10:45:21.922+0530][gc,init] Heap Initial Capacity: 6G
[2025-08-19T10:45:21.922+0530][gc,init] Heap Max Capacity: 12G
[2025-08-19T10:45:21.923+0530][gc,init] Pre-touch: Enabled
[2025-08-19T10:45:21.923+0530][gc,init] Parallel Workers: 10
[2025-08-19T10:45:21.923+0530][gc,init] Concurrent Workers: 3
[2025-08-19T10:45:21.923+0530][gc,init] Concurrent Refinement Workers: 10
[2025-08-19T10:45:21.923+0530][gc,init] Periodic GC: Disabled
[2025-08-19T10:45:21.923+0530][gc,metaspace] CDS archive(s) not mapped
[2025-08-19T10:45:21.923+0530][gc,metaspace] Compressed class space mapped at: 0x0000000800000000-0x0000000834000000, reserved size: 872415232
[2025-08-19T10:45:21.923+0530][gc,metaspace] Narrow klass base: 0x0000000800000000, Narrow klass shift: 0, Narrow klass range: 0x34000000
[2025-08-19T10:45:26.585+0530][gc,start    ] GC(0) Pause Young (Normal) (G1 Evacuation Pause)
[2025-08-19T10:45:26.586+0530][gc,task     ] GC(0) Using 10 workers of 10 for evacuation
[2025-08-19T10:45:26.599+0530][gc,phases   ] GC(0)   Pre Evacuate Collection Set: 0.1ms
[2025-08-19T10:45:26.599+0530][gc,phases   ] GC(0)   Merge Heap Roots: 0.1ms
[2025-08-19T10:45:26.599+0530][gc,phases   ] GC(0)   Evacuate Collection Set: 9.7ms
[2025-08-19T10:45:26.599+0530][gc,phases   ] GC(0)   Post Evacuate Collection Set: 2.1ms
[2025-08-19T10:45:26.599+0530][gc,phases   ] GC(0)   Other: 1.2ms
[2025-08-19T10:45:26.599+0530][gc,heap     ] GC(0) Eden regions: 9->0(8)
[2025-08-19T10:45:26.599+0530][gc,heap     ] GC(0) Survivor regions: 0->1(2)
[2025-08-19T10:45:26.599+0530][gc,heap     ] GC(0) Old regions: 0->0
[2025-08-19T10:45:26.599+0530][gc,heap     ] GC(0) Humongous regions: 0->0
[2025-08-19T10:45:26.599+0530][gc,metaspace] GC(0) Metaspace: 40464K(40960K)->40464K(40960K) NonClass: 35565K(35840K)->35565K(35840K) Class: 4899K(5120K)->4899K(5120K)
[2025-08-19T10:45:26.599+0530][gc          ] GC(0) Pause Young (Normal) (G1 Evacuation Pause) 288M->20M(6144M) 14.389ms
[2025-08-19T10:45:26.599+0530][gc,cpu      ] GC(0) User=0.08s Sys=0.08s Real=0.01s
[2025-08-19T10:45:27.875+0530][gc,start    ] GC(1) Pause Young (Normal) (G1 Evacuation Pause)
[2025-08-19T10:45:27.876+0530][gc,task     ] GC(1) Using 10 workers of 10 for evacuation
[2025-08-19T10:45:27.938+0530][gc,phases   ] GC(1)   Pre Evacuate Collection Set: 0.1ms
[2025-08-19T10:45:27.938+0530][gc,phases   ] GC(1)   Merge Heap Roots: 0.1ms
[2025-08-19T10:45:27.938+0530][gc,phases   ] GC(1)   Evacuate Collection Set: 58.6ms
[2025-08-19T10:45:27.938+0530][gc,phases   ] GC(1)   Post Evacuate Collection Set: 3.2ms
[2025-08-19T10:45:27.938+0530][gc,phases   ] GC(1)   Other: 0.1ms
[2025-08-19T10:45:27.938+0530][gc,heap     ] GC(1) Eden regions: 8->0(7)
[2025-08-19T10:45:27.938+0530][gc,heap     ] GC(1) Survivor regions: 1->2(2)
[2025-08-19T10:45:27.938+0530][gc,heap     ] GC(1) Old regions: 0->2
[2025-08-19T10:45:27.938+0530][gc,heap     ] GC(1) Humongous regions: 10->10
[2025-08-19T10:45:27.938+0530][gc,metaspace] GC(1) Metaspace: 52549K(53120K)->52549K(53120K) NonClass: 46402K(46720K)->46402K(46720K) Class: 6146K(6400K)->6146K(6400K)
[2025-08-19T10:45:27.938+0530][gc          ] GC(1) Pause Young (Normal) (G1 Evacuation Pause) 596M->423M(6144M) 62.743ms
[2025-08-19T10:45:27.938+0530][gc,cpu      ] GC(1) User=0.25s Sys=0.09s Real=0.06s
[2025-08-19T10:45:28.206+0530][gc,start    ] GC(2) Pause Young (Normal) (G1 Evacuation Pause)
[2025-08-19T10:45:28.206+0530][gc,task     ] GC(2) Using 10 workers of 10 for evacuation
[2025-08-19T10:45:28.280+0530][gc,phases   ] GC(2)   Pre Evacuate Collection Set: 0.1ms
[2025-08-19T10:45:28.280+0530][gc,phases   ] GC(2)   Merge Heap Roots: 0.1ms
[2025-08-19T10:45:28.280+0530][gc,phases   ] GC(2)   Evacuate Collection Set: 71.0ms
[2025-08-19T10:45:28.280+0530][gc,phases   ] GC(2)   Post Evacuate Collection Set: 1.9ms
[2025-08-19T10:45:28.280+0530][gc,phases   ] GC(2)   Other: 0.2ms
[2025-08-19T10:45:28.280+0530][gc,heap     ] GC(2) Eden regions: 7->0(7)
[2025-08-19T10:45:28.280+0530][gc,heap     ] GC(2) Survivor regions: 2->2(2)
[2025-08-19T10:45:28.280+0530][gc,heap     ] GC(2) Old regions: 2->4
[2025-08-19T10:45:28.280+0530][gc,heap     ] GC(2) Humongous regions: 10->10
[2025-08-19T10:45:28.280+0530][gc,metaspace] GC(2) Metaspace: 53528K(54080K)->53528K(54080K) NonClass: 47274K(47616K)->47274K(47616K) Class: 6253K(6464K)->6253K(6464K)
[2025-08-19T10:45:28.281+0530][gc          ] GC(2) Pause Young (Normal) (G1 Evacuation Pause) 647M->500M(6144M) 73.980ms
[2025-08-19T10:45:28.281+0530][gc,cpu      ] GC(2) User=0.48s Sys=0.05s Real=0.07s
[2025-08-19T10:45:28.674+0530][gc,start    ] GC(3) Pause Young (Normal) (G1 Evacuation Pause)
[2025-08-19T10:45:28.674+0530][gc,task     ] GC(3) Using 10 workers of 10 for evacuation
[2025-08-19T10:45:28.787+0530][gc,phases   ] GC(3)   Pre Evacuate Collection Set: 0.1ms
[2025-08-19T10:45:28.788+0530][gc,phases   ] GC(3)   Merge Heap Roots: 0.2ms
[2025-08-19T10:45:28.788+0530][gc,phases   ] GC(3)   Evacuate Collection Set: 109.2ms
[2025-08-19T10:45:28.788+0530][gc,phases   ] GC(3)   Post Evacuate Collection Set: 3.2ms
[2025-08-19T10:45:28.788+0530][gc,phases   ] GC(3)   Other: 0.1ms
[2025-08-19T10:45:28.788+0530][gc,heap     ] GC(3) Eden regions: 7->0(7)
[2025-08-19T10:45:28.788+0530][gc,heap     ] GC(3) Survivor regions: 2->2(2)
[2025-08-19T10:45:28.788+0530][gc,heap     ] GC(3) Old regions: 4->7
[2025-08-19T10:45:28.788+0530][gc,heap     ] GC(3) Humongous regions: 10->10
[2025-08-19T10:45:28.788+0530][gc,metaspace] GC(3) Metaspace: 53612K(54208K)->53612K(54208K) NonClass: 47349K(47680K)->47349K(47680K) Class: 6263K(6528K)->6263K(6528K)
[2025-08-19T10:45:28.788+0530][gc          ] GC(3) Pause Young (Normal) (G1 Evacuation Pause) 724M->602M(6144M) 113.364ms
[2025-08-19T10:45:28.788+0530][gc,cpu      ] GC(3) User=0.77s Sys=0.03s Real=0.11s
[2025-08-19T10:45:29.212+0530][gc,start    ] GC(4) Pause Young (Normal) (G1 Evacuation Pause)
[2025-08-19T10:45:29.212+0530][gc,task     ] GC(4) Using 10 workers of 10 for evacuation
[2025-08-19T10:45:29.334+0530][gc,phases   ] GC(4)   Pre Evacuate Collection Set: 0.1ms
[2025-08-19T10:45:29.334+0530][gc,phases   ] GC(4)   Merge Heap Roots: 0.2ms
[2025-08-19T10:45:29.334+0530][gc,phases   ] GC(4)   Evacuate Collection Set: 117.2ms
[2025-08-19T10:45:29.334+0530][gc,phases   ] GC(4)   Post Evacuate Collection Set: 4.9ms
[2025-08-19T10:45:29.334+0530][gc,phases   ] GC(4)   Other: 0.1ms
[2025-08-19T10:45:29.334+0530][gc,heap     ] GC(4) Eden regions: 7->0(7)
[2025-08-19T10:45:29.334+0530][gc,heap     ] GC(4) Survivor regions: 2->2(2)
[2025-08-19T10:45:29.334+0530][gc,heap     ] GC(4) Old regions: 7->11
[2025-08-19T10:45:29.334+0530][gc,heap     ] GC(4) Humongous regions: 10->10
[2025-08-19T10:45:29.334+0530][gc,metaspace] GC(4) Metaspace: 57383K(57984K)->57383K(57984K) NonClass: 51115K(51456K)->51115K(51456K) Class: 6267K(6528K)->6267K(6528K)
[2025-08-19T10:45:29.334+0530][gc          ] GC(4) Pause Young (Normal) (G1 Evacuation Pause) 826M->729M(6144M) 122.995ms
[2025-08-19T10:45:29.335+0530][gc,cpu      ] GC(4) User=0.89s Sys=0.03s Real=0.12s
[2025-08-19T10:45:29.825+0530][gc,start    ] GC(5) Pause Young (Normal) (G1 Evacuation Pause)
[2025-08-19T10:45:29.825+0530][gc,task     ] GC(5) Using 10 workers of 10 for evacuation
[2025-08-19T10:45:29.962+0530][gc,phases   ] GC(5)   Pre Evacuate Collection Set: 0.1ms
[2025-08-19T10:45:29.962+0530][gc,phases   ] GC(5)   Merge Heap Roots: 0.1ms
[2025-08-19T10:45:29.962+0530][gc,phases   ] GC(5)   Evacuate Collection Set: 132.9ms
[2025-08-19T10:45:29.962+0530][gc,phases   ] GC(5)   Post Evacuate Collection Set: 2.3ms
[2025-08-19T10:45:29.962+0530][gc,phases   ] GC(5)   Other: 0.1ms
[2025-08-19T10:45:29.962+0530][gc,heap     ] GC(5) Eden regions: 7->0(7)
[2025-08-19T10:45:29.962+0530][gc,heap     ] GC(5) Survivor regions: 2->2(2)
[2025-08-19T10:45:29.962+0530][gc,heap     ] GC(5) Old regions: 11->15
[2025-08-19T10:45:29.962+0530][gc,heap     ] GC(5) Humongous regions: 10->10
[2025-08-19T10:45:29.962+0530][gc,metaspace] GC(5) Metaspace: 57391K(57984K)->57391K(57984K) NonClass: 51120K(51456K)->51120K(51456K) Class: 6270K(6528K)->6270K(6528K)
[2025-08-19T10:45:29.962+0530][gc          ] GC(5) Pause Young (Normal) (G1 Evacuation Pause) 950M->841M(6144M) 136.126ms
[2025-08-19T10:45:29.962+0530][gc,cpu      ] GC(5) User=0.77s Sys=0.08s Real=0.14s
[2025-08-19T10:45:30.458+0530][gc,start    ] GC(6) Pause Young (Normal) (G1 Evacuation Pause)
[2025-08-19T10:45:30.458+0530][gc,task     ] GC(6) Using 10 workers of 10 for evacuation
[2025-08-19T10:45:30.963+0530][gc,mmu      ] GC(6) MMU target violated: 201.0ms (200.0ms/201.0ms)
[2025-08-19T10:45:30.963+0530][gc,phases   ] GC(6)   Pre Evacuate Collection Set: 0.1ms
[2025-08-19T10:45:30.963+0530][gc,phases   ] GC(6)   Merge Heap Roots: 0.5ms
[2025-08-19T10:45:30.963+0530][gc,phases   ] GC(6)   Evacuate Collection Set: 158.8ms
[2025-08-19T10:45:30.963+0530][gc,phases   ] GC(6)   Post Evacuate Collection Set: 345.4ms
[2025-08-19T10:45:30.963+0530][gc,phases   ] GC(6)   Other: 0.3ms
[2025-08-19T10:45:30.964+0530][gc,heap     ] GC(6) Eden regions: 7->0(9)
[2025-08-19T10:45:30.964+0530][gc,heap     ] GC(6) Survivor regions: 2->2(2)
[2025-08-19T10:45:30.964+0530][gc,heap     ] GC(6) Old regions: 15->18
[2025-08-19T10:45:30.964+0530][gc,heap     ] GC(6) Humongous regions: 12->12
[2025-08-19T10:45:30.964+0530][gc,metaspace] GC(6) Metaspace: 57405K(57984K)->57405K(57984K) NonClass: 51129K(51456K)->51129K(51456K) Class: 6276K(6528K)->6276K(6528K)
[2025-08-19T10:45:30.964+0530][gc          ] GC(6) Pause Young (Normal) (G1 Evacuation Pause) 1129M->997M(7616M) 505.689ms
[2025-08-19T10:45:30.964+0530][gc,cpu      ] GC(6) User=1.17s Sys=0.58s Real=0.51s
[2025-08-19T10:45:32.544+0530][gc,start    ] GC(7) Pause Young (Normal) (G1 Evacuation Pause)
[2025-08-19T10:45:32.544+0530][gc,task     ] GC(7) Using 10 workers of 10 for evacuation
[2025-08-19T10:45:32.611+0530][gc,phases   ] GC(7)   Pre Evacuate Collection Set: 0.2ms
[2025-08-19T10:45:32.611+0530][gc,phases   ] GC(7)   Merge Heap Roots: 0.7ms
[2025-08-19T10:45:32.611+0530][gc,phases   ] GC(7)   Evacuate Collection Set: 59.9ms
[2025-08-19T10:45:32.612+0530][gc,phases   ] GC(7)   Post Evacuate Collection Set: 6.7ms
[2025-08-19T10:45:32.612+0530][gc,phases   ] GC(7)   Other: 0.1ms
[2025-08-19T10:45:32.612+0530][gc,heap     ] GC(7) Eden regions: 9->0(9)
[2025-08-19T10:45:32.612+0530][gc,heap     ] GC(7) Survivor regions: 2->2(2)
[2025-08-19T10:45:32.612+0530][gc,heap     ] GC(7) Old regions: 18->21
[2025-08-19T10:45:32.612+0530][gc,heap     ] GC(7) Humongous regions: 13->13
[2025-08-19T10:45:32.612+0530][gc,metaspace] GC(7) Metaspace: 59326K(59904K)->59326K(59904K) NonClass: 52479K(52800K)->52479K(52800K) Class: 6847K(7104K)->6847K(7104K)
[2025-08-19T10:45:32.612+0530][gc          ] GC(7) Pause Young (Normal) (G1 Evacuation Pause) 1317M->1121M(7616M) 68.110ms
[2025-08-19T10:45:32.612+0530][gc,cpu      ] GC(7) User=0.72s Sys=0.06s Real=0.07s
[2025-08-19T10:45:34.733+0530][gc,start    ] GC(8) Pause Young (Normal) (GCLocker Initiated GC)
[2025-08-19T10:45:34.733+0530][gc,task     ] GC(8) Using 10 workers of 10 for evacuation
[2025-08-19T10:45:34.760+0530][gc,phases   ] GC(8)   Pre Evacuate Collection Set: 0.2ms
[2025-08-19T10:45:34.760+0530][gc,phases   ] GC(8)   Merge Heap Roots: 0.1ms
[2025-08-19T10:45:34.760+0530][gc,phases   ] GC(8)   Evacuate Collection Set: 19.7ms
[2025-08-19T10:45:34.760+0530][gc,phases   ] GC(8)   Post Evacuate Collection Set: 7.0ms
[2025-08-19T10:45:34.760+0530][gc,phases   ] GC(8)   Other: 0.1ms
[2025-08-19T10:45:34.760+0530][gc,heap     ] GC(8) Eden regions: 9->0(10)
[2025-08-19T10:45:34.760+0530][gc,heap     ] GC(8) Survivor regions: 2->1(2)
[2025-08-19T10:45:34.760+0530][gc,heap     ] GC(8) Old regions: 21->23
[2025-08-19T10:45:34.760+0530][gc,heap     ] GC(8) Humongous regions: 46->38
[2025-08-19T10:45:34.760+0530][gc,metaspace] GC(8) Metaspace: 66492K(67200K)->66492K(67200K) NonClass: 58882K(59264K)->58882K(59264K) Class: 7610K(7936K)->7610K(7936K)
[2025-08-19T10:45:34.760+0530][gc          ] GC(8) Pause Young (Normal) (GCLocker Initiated GC) 2462M->1952M(7616M) 27.658ms
[2025-08-19T10:45:34.760+0530][gc,cpu      ] GC(8) User=0.30s Sys=0.02s Real=0.03s
[2025-08-19T10:45:35.872+0530][gc,start    ] GC(9) Pause Young (Normal) (G1 Evacuation Pause)
[2025-08-19T10:45:35.872+0530][gc,task     ] GC(9) Using 10 workers of 10 for evacuation
[2025-08-19T10:45:35.882+0530][gc,phases   ] GC(9)   Pre Evacuate Collection Set: 0.2ms
[2025-08-19T10:45:35.882+0530][gc,phases   ] GC(9)   Merge Heap Roots: 0.1ms
[2025-08-19T10:45:35.882+0530][gc,phases   ] GC(9)   Evacuate Collection Set: 5.6ms
[2025-08-19T10:45:35.882+0530][gc,phases   ] GC(9)   Post Evacuate Collection Set: 3.9ms
[2025-08-19T10:45:35.882+0530][gc,phases   ] GC(9)   Other: 0.1ms
[2025-08-19T10:45:35.882+0530][gc,heap     ] GC(9) Eden regions: 10->0(9)
[2025-08-19T10:45:35.882+0530][gc,heap     ] GC(9) Survivor regions: 1->2(2)
[2025-08-19T10:45:35.882+0530][gc,heap     ] GC(9) Old regions: 23->23
[2025-08-19T10:45:35.882+0530][gc,heap     ] GC(9) Humongous regions: 68->46
[2025-08-19T10:45:35.882+0530][gc,metaspace] GC(9) Metaspace: 66520K(67200K)->66520K(67200K) NonClass: 58907K(59264K)->58907K(59264K) Class: 7613K(7936K)->7613K(7936K)
[2025-08-19T10:45:35.882+0530][gc          ] GC(9) Pause Young (Normal) (G1 Evacuation Pause) 3232M->2244M(7616M) 10.503ms
[2025-08-19T10:45:35.882+0530][gc,cpu      ] GC(9) User=0.14s Sys=0.02s Real=0.01s
[2025-08-19T10:45:37.905+0530][gc,start    ] GC(10) Pause Young (Normal) (G1 Evacuation Pause)
[2025-08-19T10:45:37.905+0530][gc,task     ] GC(10) Using 10 workers of 10 for evacuation
[2025-08-19T10:45:37.912+0530][gc,phases   ] GC(10)   Pre Evacuate Collection Set: 0.2ms
[2025-08-19T10:45:37.912+0530][gc,phases   ] GC(10)   Merge Heap Roots: 0.1ms
[2025-08-19T10:45:37.912+0530][gc,phases   ] GC(10)   Evacuate Collection Set: 2.6ms
[2025-08-19T10:45:37.912+0530][gc,phases   ] GC(10)   Post Evacuate Collection Set: 3.9ms
[2025-08-19T10:45:37.912+0530][gc,phases   ] GC(10)   Other: 0.1ms
[2025-08-19T10:45:37.912+0530][gc,heap     ] GC(10) Eden regions: 9->0(141)
[2025-08-19T10:45:37.912+0530][gc,heap     ] GC(10) Survivor regions: 2->1(2)
[2025-08-19T10:45:37.912+0530][gc,heap     ] GC(10) Old regions: 23->23
[2025-08-19T10:45:37.912+0530][gc,heap     ] GC(10) Humongous regions: 73->49
[2025-08-19T10:45:37.912+0530][gc,metaspace] GC(10) Metaspace: 66541K(67200K)->66541K(67200K) NonClass: 58924K(59264K)->58924K(59264K) Class: 7616K(7936K)->7616K(7936K)
[2025-08-19T10:45:37.912+0530][gc          ] GC(10) Pause Young (Normal) (G1 Evacuation Pause) 3396M->2289M(7616M) 7.567ms
[2025-08-19T10:45:37.912+0530][gc,cpu      ] GC(10) User=0.16s Sys=0.00s Real=0.01s
[2025-08-19T10:46:27.966+0530][gc,start    ] GC(11) Pause Young (Normal) (G1 Evacuation Pause)
[2025-08-19T10:46:27.966+0530][gc,task     ] GC(11) Using 10 workers of 10 for evacuation
[2025-08-19T10:46:28.130+0530][gc,phases   ] GC(11)   Pre Evacuate Collection Set: 0.5ms
[2025-08-19T10:46:28.130+0530][gc,phases   ] GC(11)   Merge Heap Roots: 0.1ms
[2025-08-19T10:46:28.130+0530][gc,phases   ] GC(11)   Evacuate Collection Set: 138.0ms
[2025-08-19T10:46:28.130+0530][gc,phases   ] GC(11)   Post Evacuate Collection Set: 26.5ms
[2025-08-19T10:46:28.130+0530][gc,phases   ] GC(11)   Other: 0.2ms
[2025-08-19T10:46:28.130+0530][gc,heap     ] GC(11) Eden regions: 141->0(12)
[2025-08-19T10:46:28.130+0530][gc,heap     ] GC(11) Survivor regions: 1->7(18)
[2025-08-19T10:46:28.130+0530][gc,heap     ] GC(11) Old regions: 23->23
[2025-08-19T10:46:28.131+0530][gc,heap     ] GC(11) Humongous regions: 49->49
[2025-08-19T10:46:28.131+0530][gc,metaspace] GC(11) Metaspace: 82179K(83072K)->82179K(83072K) NonClass: 72435K(72960K)->72435K(72960K) Class: 9744K(10112K)->9744K(10112K)
[2025-08-19T10:46:28.131+0530][gc          ] GC(11) Pause Young (Normal) (G1 Evacuation Pause) 6801M->2488M(7616M) 165.878ms
[2025-08-19T10:46:28.131+0530][gc,cpu      ] GC(11) User=1.67s Sys=0.03s Real=0.16s
[2025-08-19T10:46:30.783+0530][gc,start    ] GC(12) Pause Young (Normal) (G1 Evacuation Pause)
[2025-08-19T10:46:30.783+0530][gc,task     ] GC(12) Using 10 workers of 10 for evacuation
[2025-08-19T10:46:30.813+0530][gc,phases   ] GC(12)   Pre Evacuate Collection Set: 0.2ms
[2025-08-19T10:46:30.813+0530][gc,phases   ] GC(12)   Merge Heap Roots: 0.2ms
[2025-08-19T10:46:30.813+0530][gc,phases   ] GC(12)   Evacuate Collection Set: 20.9ms
[2025-08-19T10:46:30.813+0530][gc,phases   ] GC(12)   Post Evacuate Collection Set: 7.8ms
[2025-08-19T10:46:30.813+0530][gc,phases   ] GC(12)   Other: 0.2ms
[2025-08-19T10:46:30.813+0530][gc,heap     ] GC(12) Eden regions: 16->0(23)
[2025-08-19T10:46:30.813+0530][gc,heap     ] GC(12) Survivor regions: 7->2(3)
[2025-08-19T10:46:30.813+0530][gc,heap     ] GC(12) Old regions: 23->24
[2025-08-19T10:46:30.813+0530][gc,heap     ] GC(12) Humongous regions: 49->49
[2025-08-19T10:46:30.813+0530][gc,metaspace] GC(12) Metaspace: 82180K(83072K)->82180K(83072K) NonClass: 72435K(72960K)->72435K(72960K) Class: 9744K(10112K)->9744K(10112K)
[2025-08-19T10:46:30.813+0530][gc          ] GC(12) Pause Young (Normal) (G1 Evacuation Pause) 3000M->2347M(7616M) 29.801ms
[2025-08-19T10:46:30.813+0530][gc,cpu      ] GC(12) User=0.17s Sys=0.00s Real=0.03s
[2025-08-19T10:46:35.289+0530][gc,start    ] GC(13) Pause Young (Normal) (G1 Evacuation Pause)
[2025-08-19T10:46:35.289+0530][gc,task     ] GC(13) Using 10 workers of 10 for evacuation
[2025-08-19T10:46:35.375+0530][gc,phases   ] GC(13)   Pre Evacuate Collection Set: 0.2ms
[2025-08-19T10:46:35.375+0530][gc,phases   ] GC(13)   Merge Heap Roots: 0.1ms
[2025-08-19T10:46:35.375+0530][gc,phases   ] GC(13)   Evacuate Collection Set: 76.1ms
[2025-08-19T10:46:35.375+0530][gc,phases   ] GC(13)   Post Evacuate Collection Set: 10.2ms
[2025-08-19T10:46:35.375+0530][gc,phases   ] GC(13)   Other: 0.1ms
[2025-08-19T10:46:35.375+0530][gc,heap     ] GC(13) Eden regions: 24->0(22)
[2025-08-19T10:46:35.375+0530][gc,heap     ] GC(13) Survivor regions: 2->2(4)
[2025-08-19T10:46:35.375+0530][gc,heap     ] GC(13) Old regions: 24->24
[2025-08-19T10:46:35.375+0530][gc,heap     ] GC(13) Humongous regions: 49->49
[2025-08-19T10:46:35.375+0530][gc,metaspace] GC(13) Metaspace: 82180K(83072K)->82180K(83072K) NonClass: 72436K(72960K)->72436K(72960K) Class: 9744K(10112K)->9744K(10112K)
[2025-08-19T10:46:35.375+0530][gc          ] GC(13) Pause Young (Normal) (G1 Evacuation Pause) 3115M->2367M(7616M) 87.042ms
[2025-08-19T10:46:35.375+0530][gc,cpu      ] GC(13) User=0.94s Sys=0.00s Real=0.09s
[2025-08-19T10:46:40.309+0530][gc,start    ] GC(14) Pause Young (Normal) (G1 Evacuation Pause)
[2025-08-19T10:46:40.309+0530][gc,task     ] GC(14) Using 10 workers of 10 for evacuation
[2025-08-19T10:46:40.379+0530][gc,phases   ] GC(14)   Pre Evacuate Collection Set: 0.2ms
[2025-08-19T10:46:40.379+0530][gc,phases   ] GC(14)   Merge Heap Roots: 0.1ms
[2025-08-19T10:46:40.379+0530][gc,phases   ] GC(14)   Evacuate Collection Set: 55.6ms
[2025-08-19T10:46:40.379+0530][gc,phases   ] GC(14)   Post Evacuate Collection Set: 13.1ms
[2025-08-19T10:46:40.379+0530][gc,phases   ] GC(14)   Other: 0.1ms
[2025-08-19T10:46:40.379+0530][gc,heap     ] GC(14) Eden regions: 24->0(35)
[2025-08-19T10:46:40.379+0530][gc,heap     ] GC(14) Survivor regions: 2->3(4)
[2025-08-19T10:46:40.379+0530][gc,heap     ] GC(14) Old regions: 24->24
[2025-08-19T10:46:40.379+0530][gc,heap     ] GC(14) Humongous regions: 49->49
[2025-08-19T10:46:40.379+0530][gc,metaspace] GC(14) Metaspace: 82180K(83072K)->82180K(83072K) NonClass: 72436K(72960K)->72436K(72960K) Class: 9744K(10112K)->9744K(10112K)
[2025-08-19T10:46:40.379+0530][gc          ] GC(14) Pause Young (Normal) (G1 Evacuation Pause) 3135M->2370M(7616M) 69.729ms
[2025-08-19T10:46:40.380+0530][gc,cpu      ] GC(14) User=0.73s Sys=0.02s Real=0.07s
[2025-08-19T10:46:48.229+0530][gc,start    ] GC(15) Pause Young (Normal) (G1 Evacuation Pause)
[2025-08-19T10:46:48.229+0530][gc,task     ] GC(15) Using 10 workers of 10 for evacuation
[2025-08-19T10:46:48.306+0530][gc,phases   ] GC(15)   Pre Evacuate Collection Set: 0.4ms
[2025-08-19T10:46:48.306+0530][gc,phases   ] GC(15)   Merge Heap Roots: 0.2ms
[2025-08-19T10:46:48.306+0530][gc,phases   ] GC(15)   Evacuate Collection Set: 62.8ms
[2025-08-19T10:46:48.306+0530][gc,phases   ] GC(15)   Post Evacuate Collection Set: 14.5ms
[2025-08-19T10:46:48.306+0530][gc,phases   ] GC(15)   Other: 0.1ms
[2025-08-19T10:46:48.306+0530][gc,heap     ] GC(15) Eden regions: 37->0(48)
[2025-08-19T10:46:48.306+0530][gc,heap     ] GC(15) Survivor regions: 3->4(5)
[2025-08-19T10:46:48.306+0530][gc,heap     ] GC(15) Old regions: 24->24
[2025-08-19T10:46:48.307+0530][gc,heap     ] GC(15) Humongous regions: 49->49
[2025-08-19T10:46:48.307+0530][gc,metaspace] GC(15) Metaspace: 82180K(83072K)->82180K(83072K) NonClass: 72436K(72960K)->72436K(72960K) Class: 9744K(10112K)->9744K(10112K)
[2025-08-19T10:46:48.307+0530][gc          ] GC(15) Pause Young (Normal) (G1 Evacuation Pause) 3554M->2407M(7616M) 78.544ms
[2025-08-19T10:46:48.307+0530][gc,cpu      ] GC(15) User=0.78s Sys=0.00s Real=0.08s
[2025-08-19T10:46:58.601+0530][gc,start    ] GC(16) Pause Young (Normal) (G1 Evacuation Pause)
[2025-08-19T10:46:58.601+0530][gc,task     ] GC(16) Using 10 workers of 10 for evacuation
[2025-08-19T10:46:58.765+0530][gc,phases   ] GC(16)   Pre Evacuate Collection Set: 0.2ms
[2025-08-19T10:46:58.766+0530][gc,phases   ] GC(16)   Merge Heap Roots: 0.1ms
[2025-08-19T10:46:58.766+0530][gc,phases   ] GC(16)   Evacuate Collection Set: 144.8ms
[2025-08-19T10:46:58.766+0530][gc,phases   ] GC(16)   Post Evacuate Collection Set: 19.4ms
[2025-08-19T10:46:58.766+0530][gc,phases   ] GC(16)   Other: 0.1ms
[2025-08-19T10:46:58.766+0530][gc,heap     ] GC(16) Eden regions: 50->0(46)
[2025-08-19T10:46:58.766+0530][gc,heap     ] GC(16) Survivor regions: 4->5(7)
[2025-08-19T10:46:58.766+0530][gc,heap     ] GC(16) Old regions: 24->24
[2025-08-19T10:46:58.766+0530][gc,heap     ] GC(16) Humongous regions: 49->49
[2025-08-19T10:46:58.766+0530][gc,metaspace] GC(16) Metaspace: 82180K(83072K)->82180K(83072K) NonClass: 72436K(72960K)->72436K(72960K) Class: 9744K(10112K)->9744K(10112K)
[2025-08-19T10:46:58.766+0530][gc          ] GC(16) Pause Young (Normal) (G1 Evacuation Pause) 4007M->2439M(7616M) 165.231ms
[2025-08-19T10:46:58.766+0530][gc,cpu      ] GC(16) User=1.55s Sys=0.00s Real=0.16s
[2025-08-19T10:47:08.239+0530][gc,start    ] GC(17) Pause Young (Normal) (G1 Evacuation Pause)
[2025-08-19T10:47:08.239+0530][gc,task     ] GC(17) Using 10 workers of 10 for evacuation
[2025-08-19T10:47:08.328+0530][gc,phases   ] GC(17)   Pre Evacuate Collection Set: 0.5ms
[2025-08-19T10:47:08.329+0530][gc,phases   ] GC(17)   Merge Heap Roots: 0.2ms
[2025-08-19T10:47:08.329+0530][gc,phases   ] GC(17)   Evacuate Collection Set: 71.2ms
[2025-08-19T10:47:08.329+0530][gc,phases   ] GC(17)   Post Evacuate Collection Set: 17.9ms
[2025-08-19T10:47:08.329+0530][gc,phases   ] GC(17)   Other: 0.1ms
[2025-08-19T10:47:08.329+0530][gc,heap     ] GC(17) Eden regions: 47->0(57)
[2025-08-19T10:47:08.329+0530][gc,heap     ] GC(17) Survivor regions: 5->5(7)
[2025-08-19T10:47:08.329+0530][gc,heap     ] GC(17) Old regions: 24->24
[2025-08-19T10:47:08.329+0530][gc,heap     ] GC(17) Humongous regions: 49->49
[2025-08-19T10:47:08.329+0530][gc,metaspace] GC(17) Metaspace: 82180K(83072K)->82180K(83072K) NonClass: 72436K(72960K)->72436K(72960K) Class: 9744K(10112K)->9744K(10112K)
[2025-08-19T10:47:08.329+0530][gc          ] GC(17) Pause Young (Normal) (G1 Evacuation Pause) 3943M->2437M(7616M) 90.324ms
[2025-08-19T10:47:08.329+0530][gc,cpu      ] GC(17) User=0.78s Sys=0.02s Real=0.09s
[2025-08-19T10:47:19.614+0530][gc,start    ] GC(18) Pause Young (Normal) (G1 Evacuation Pause)
[2025-08-19T10:47:19.614+0530][gc,task     ] GC(18) Using 10 workers of 10 for evacuation
[2025-08-19T10:47:19.764+0530][gc,phases   ] GC(18)   Pre Evacuate Collection Set: 0.4ms
[2025-08-19T10:47:19.764+0530][gc,phases   ] GC(18)   Merge Heap Roots: 0.1ms
[2025-08-19T10:47:19.764+0530][gc,phases   ] GC(18)   Evacuate Collection Set: 128.0ms
[2025-08-19T10:47:19.764+0530][gc,phases   ] GC(18)   Post Evacuate Collection Set: 21.0ms
[2025-08-19T10:47:19.764+0530][gc,phases   ] GC(18)   Other: 0.1ms
[2025-08-19T10:47:19.764+0530][gc,heap     ] GC(18) Eden regions: 57->0(58)
[2025-08-19T10:47:19.764+0530][gc,heap     ] GC(18) Survivor regions: 5->5(8)
[2025-08-19T10:47:19.764+0530][gc,heap     ] GC(18) Old regions: 24->24
[2025-08-19T10:47:19.764+0530][gc,heap     ] GC(18) Humongous regions: 49->49
[2025-08-19T10:47:19.764+0530][gc,metaspace] GC(18) Metaspace: 82180K(83072K)->82180K(83072K) NonClass: 72436K(72960K)->72436K(72960K) Class: 9744K(10112K)->9744K(10112K)
[2025-08-19T10:47:19.764+0530][gc          ] GC(18) Pause Young (Normal) (G1 Evacuation Pause) 4261M->2454M(7616M) 150.102ms
[2025-08-19T10:47:19.764+0530][gc,cpu      ] GC(18) User=1.39s Sys=0.00s Real=0.15s
[2025-08-19T10:47:30.453+0530][gc,start    ] GC(19) Pause Young (Normal) (G1 Evacuation Pause)
[2025-08-19T10:47:30.453+0530][gc,task     ] GC(19) Using 10 workers of 10 for evacuation
[2025-08-19T10:47:30.598+0530][gc,phases   ] GC(19)   Pre Evacuate Collection Set: 0.4ms
[2025-08-19T10:47:30.598+0530][gc,phases   ] GC(19)   Merge Heap Roots: 0.2ms
[2025-08-19T10:47:30.598+0530][gc,phases   ] GC(19)   Evacuate Collection Set: 124.3ms
[2025-08-19T10:47:30.598+0530][gc,phases   ] GC(19)   Post Evacuate Collection Set: 19.1ms
[2025-08-19T10:47:30.598+0530][gc,phases   ] GC(19)   Other: 0.1ms
[2025-08-19T10:47:30.598+0530][gc,heap     ] GC(19) Eden regions: 58->0(61)
[2025-08-19T10:47:30.598+0530][gc,heap     ] GC(19) Survivor regions: 5->5(8)
[2025-08-19T10:47:30.598+0530][gc,heap     ] GC(19) Old regions: 24->24
[2025-08-19T10:47:30.598+0530][gc,heap     ] GC(19) Humongous regions: 49->49
[2025-08-19T10:47:30.598+0530][gc,metaspace] GC(19) Metaspace: 82180K(83072K)->82180K(83072K) NonClass: 72436K(72960K)->72436K(72960K) Class: 9744K(10112K)->9744K(10112K)
[2025-08-19T10:47:30.598+0530][gc          ] GC(19) Pause Young (Normal) (G1 Evacuation Pause) 4310M->2448M(7616M) 144.621ms
[2025-08-19T10:47:30.598+0530][gc,cpu      ] GC(19) User=1.36s Sys=0.00s Real=0.14s
[2025-08-19T10:47:42.868+0530][gc,start    ] GC(20) Pause Young (Normal) (G1 Evacuation Pause)
[2025-08-19T10:47:42.869+0530][gc,task     ] GC(20) Using 10 workers of 10 for evacuation
[2025-08-19T10:47:43.009+0530][gc,phases   ] GC(20)   Pre Evacuate Collection Set: 0.2ms
[2025-08-19T10:47:43.009+0530][gc,phases   ] GC(20)   Merge Heap Roots: 0.1ms
[2025-08-19T10:47:43.009+0530][gc,phases   ] GC(20)   Evacuate Collection Set: 110.3ms
[2025-08-19T10:47:43.009+0530][gc,phases   ] GC(20)   Post Evacuate Collection Set: 29.3ms
[2025-08-19T10:47:43.009+0530][gc,phases   ] GC(20)   Other: 0.1ms
[2025-08-19T10:47:43.009+0530][gc,heap     ] GC(20) Eden regions: 61->0(64)
[2025-08-19T10:47:43.009+0530][gc,heap     ] GC(20) Survivor regions: 5->6(9)
[2025-08-19T10:47:43.009+0530][gc,heap     ] GC(20) Old regions: 24->24
[2025-08-19T10:47:43.009+0530][gc,heap     ] GC(20) Humongous regions: 49->49
[2025-08-19T10:47:43.009+0530][gc,metaspace] GC(20) Metaspace: 82181K(83072K)->82181K(83072K) NonClass: 72437K(72960K)->72437K(72960K) Class: 9744K(10112K)->9744K(10112K)
[2025-08-19T10:47:43.009+0530][gc          ] GC(20) Pause Young (Normal) (G1 Evacuation Pause) 4400M->2478M(7616M) 140.424ms
[2025-08-19T10:47:43.009+0530][gc,cpu      ] GC(20) User=1.39s Sys=0.00s Real=0.14s
[2025-08-19T10:47:56.372+0530][gc,start    ] GC(21) Pause Young (Normal) (G1 Evacuation Pause)
[2025-08-19T10:47:56.372+0530][gc,task     ] GC(21) Using 10 workers of 10 for evacuation
[2025-08-19T10:47:56.503+0530][gc,phases   ] GC(21)   Pre Evacuate Collection Set: 0.2ms
[2025-08-19T10:47:56.503+0530][gc,phases   ] GC(21)   Merge Heap Roots: 0.1ms
[2025-08-19T10:47:56.503+0530][gc,phases   ] GC(21)   Evacuate Collection Set: 107.3ms
[2025-08-19T10:47:56.503+0530][gc,phases   ] GC(21)   Post Evacuate Collection Set: 22.9ms
[2025-08-19T10:47:56.503+0530][gc,phases   ] GC(21)   Other: 0.2ms
[2025-08-19T10:47:56.503+0530][gc,heap     ] GC(21) Eden regions: 65->0(71)
[2025-08-19T10:47:56.503+0530][gc,heap     ] GC(21) Survivor regions: 6->6(9)
[2025-08-19T10:47:56.503+0530][gc,heap     ] GC(21) Old regions: 24->24
[2025-08-19T10:47:56.504+0530][gc,heap     ] GC(21) Humongous regions: 49->49
[2025-08-19T10:47:56.504+0530][gc,metaspace] GC(21) Metaspace: 82181K(83072K)->82181K(83072K) NonClass: 72437K(72960K)->72437K(72960K) Class: 9744K(10112K)->9744K(10112K)
[2025-08-19T10:47:56.504+0530][gc          ] GC(21) Pause Young (Normal) (G1 Evacuation Pause) 4558M->2476M(7616M) 131.293ms
[2025-08-19T10:47:56.504+0530][gc,cpu      ] GC(21) User=1.39s Sys=0.00s Real=0.13s
[2025-08-19T10:48:10.304+0530][gc,start    ] GC(22) Pause Young (Normal) (G1 Evacuation Pause)
[2025-08-19T10:48:10.304+0530][gc,task     ] GC(22) Using 10 workers of 10 for evacuation
[2025-08-19T10:48:10.447+0530][gc,phases   ] GC(22)   Pre Evacuate Collection Set: 0.2ms
[2025-08-19T10:48:10.447+0530][gc,phases   ] GC(22)   Merge Heap Roots: 0.1ms
[2025-08-19T10:48:10.447+0530][gc,phases   ] GC(22)   Evacuate Collection Set: 117.9ms
[2025-08-19T10:48:10.447+0530][gc,phases   ] GC(22)   Post Evacuate Collection Set: 24.8ms
[2025-08-19T10:48:10.447+0530][gc,phases   ] GC(22)   Other: 0.1ms
[2025-08-19T10:48:10.447+0530][gc,heap     ] GC(22) Eden regions: 71->0(75)
[2025-08-19T10:48:10.447+0530][gc,heap     ] GC(22) Survivor regions: 6->6(10)
[2025-08-19T10:48:10.447+0530][gc,heap     ] GC(22) Old regions: 24->24
[2025-08-19T10:48:10.447+0530][gc,heap     ] GC(22) Humongous regions: 49->49
[2025-08-19T10:48:10.447+0530][gc,metaspace] GC(22) Metaspace: 82181K(83072K)->82181K(83072K) NonClass: 72437K(72960K)->72437K(72960K) Class: 9744K(10112K)->9744K(10112K)
[2025-08-19T10:48:10.447+0530][gc          ] GC(22) Pause Young (Normal) (G1 Evacuation Pause) 4748M->2503M(7616M) 143.661ms
[2025-08-19T10:48:10.447+0530][gc,cpu      ] GC(22) User=1.23s Sys=0.02s Real=0.14s
[2025-08-19T10:48:25.040+0530][gc,start    ] GC(23) Pause Young (Normal) (G1 Evacuation Pause)
[2025-08-19T10:48:25.040+0530][gc,task     ] GC(23) Using 10 workers of 10 for evacuation
[2025-08-19T10:48:25.214+0530][gc,phases   ] GC(23)   Pre Evacuate Collection Set: 0.3ms
[2025-08-19T10:48:25.214+0530][gc,phases   ] GC(23)   Merge Heap Roots: 0.2ms
[2025-08-19T10:48:25.214+0530][gc,phases   ] GC(23)   Evacuate Collection Set: 146.4ms
[2025-08-19T10:48:25.214+0530][gc,phases   ] GC(23)   Post Evacuate Collection Set: 26.4ms
[2025-08-19T10:48:25.214+0530][gc,phases   ] GC(23)   Other: 0.2ms
[2025-08-19T10:48:25.214+0530][gc,heap     ] GC(23) Eden regions: 75->0(74)
[2025-08-19T10:48:25.214+0530][gc,heap     ] GC(23) Survivor regions: 6->7(11)
[2025-08-19T10:48:25.214+0530][gc,heap     ] GC(23) Old regions: 24->24
[2025-08-19T10:48:25.214+0530][gc,heap     ] GC(23) Humongous regions: 49->49
[2025-08-19T10:48:25.214+0530][gc,metaspace] GC(23) Metaspace: 82182K(83072K)->82182K(83072K) NonClass: 72438K(72960K)->72438K(72960K) Class: 9744K(10112K)->9744K(10112K)
[2025-08-19T10:48:25.214+0530][gc          ] GC(23) Pause Young (Normal) (G1 Evacuation Pause) 4903M->2512M(7616M) 174.071ms
[2025-08-19T10:48:25.214+0530][gc,cpu      ] GC(23) User=1.53s Sys=0.02s Real=0.17s
[2025-08-19T10:48:39.987+0530][gc,start    ] GC(24) Pause Young (Normal) (G1 Evacuation Pause)
[2025-08-19T10:48:39.987+0530][gc,task     ] GC(24) Using 10 workers of 10 for evacuation
[2025-08-19T10:48:40.126+0530][gc,phases   ] GC(24)   Pre Evacuate Collection Set: 0.4ms
[2025-08-19T10:48:40.126+0530][gc,phases   ] GC(24)   Merge Heap Roots: 0.2ms
[2025-08-19T10:48:40.126+0530][gc,phases   ] GC(24)   Evacuate Collection Set: 110.1ms
[2025-08-19T10:48:40.126+0530][gc,phases   ] GC(24)   Post Evacuate Collection Set: 28.2ms
[2025-08-19T10:48:40.126+0530][gc,phases   ] GC(24)   Other: 0.1ms
[2025-08-19T10:48:40.126+0530][gc,heap     ] GC(24) Eden regions: 74->0(80)
[2025-08-19T10:48:40.126+0530][gc,heap     ] GC(24) Survivor regions: 7->7(11)
[2025-08-19T10:48:40.126+0530][gc,heap     ] GC(24) Old regions: 24->24
[2025-08-19T10:48:40.126+0530][gc,heap     ] GC(24) Humongous regions: 49->49
[2025-08-19T10:48:40.126+0530][gc,metaspace] GC(24) Metaspace: 82182K(83072K)->82182K(83072K) NonClass: 72438K(72960K)->72438K(72960K) Class: 9744K(10112K)->9744K(10112K)
[2025-08-19T10:48:40.126+0530][gc          ] GC(24) Pause Young (Normal) (G1 Evacuation Pause) 4880M->2522M(7616M) 139.785ms
[2025-08-19T10:48:40.126+0530][gc,cpu      ] GC(24) User=1.41s Sys=0.00s Real=0.14s
[2025-08-19T10:48:55.559+0530][gc,start    ] GC(25) Pause Young (Normal) (G1 Evacuation Pause)
[2025-08-19T10:48:55.559+0530][gc,task     ] GC(25) Using 10 workers of 10 for evacuation
[2025-08-19T10:48:55.756+0530][gc,phases   ] GC(25)   Pre Evacuate Collection Set: 0.6ms
[2025-08-19T10:48:55.756+0530][gc,phases   ] GC(25)   Merge Heap Roots: 0.2ms
[2025-08-19T10:48:55.756+0530][gc,phases   ] GC(25)   Evacuate Collection Set: 170.2ms
[2025-08-19T10:48:55.756+0530][gc,phases   ] GC(25)   Post Evacuate Collection Set: 25.7ms
[2025-08-19T10:48:55.756+0530][gc,phases   ] GC(25)   Other: 0.1ms
[2025-08-19T10:48:55.756+0530][gc,heap     ] GC(25) Eden regions: 80->0(76)
[2025-08-19T10:48:55.756+0530][gc,heap     ] GC(25) Survivor regions: 7->7(11)
[2025-08-19T10:48:55.756+0530][gc,heap     ] GC(25) Old regions: 24->24
[2025-08-19T10:48:55.756+0530][gc,heap     ] GC(25) Humongous regions: 49->49
[2025-08-19T10:48:55.756+0530][gc,metaspace] GC(25) Metaspace: 82182K(83072K)->82182K(83072K) NonClass: 72438K(72960K)->72438K(72960K) Class: 9744K(10112K)->9744K(10112K)
[2025-08-19T10:48:55.757+0530][gc          ] GC(25) Pause Young (Normal) (G1 Evacuation Pause) 5082M->2526M(7616M) 197.313ms
[2025-08-19T10:48:55.757+0530][gc,cpu      ] GC(25) User=2.03s Sys=0.00s Real=0.20s
[2025-08-19T10:49:10.823+0530][gc,start    ] GC(26) Pause Young (Normal) (G1 Evacuation Pause)
[2025-08-19T10:49:10.823+0530][gc,task     ] GC(26) Using 10 workers of 10 for evacuation
[2025-08-19T10:49:11.009+0530][gc,phases   ] GC(26)   Pre Evacuate Collection Set: 0.2ms
[2025-08-19T10:49:11.009+0530][gc,phases   ] GC(26)   Merge Heap Roots: 0.2ms
[2025-08-19T10:49:11.009+0530][gc,phases   ] GC(26)   Evacuate Collection Set: 159.0ms
[2025-08-19T10:49:11.009+0530][gc,phases   ] GC(26)   Post Evacuate Collection Set: 26.5ms
[2025-08-19T10:49:11.009+0530][gc,phases   ] GC(26)   Other: 0.1ms
[2025-08-19T10:49:11.009+0530][gc,heap     ] GC(26) Eden regions: 76->0(75)
[2025-08-19T10:49:11.009+0530][gc,heap     ] GC(26) Survivor regions: 7->7(11)
[2025-08-19T10:49:11.009+0530][gc,heap     ] GC(26) Old regions: 24->24
[2025-08-19T10:49:11.009+0530][gc,heap     ] GC(26) Humongous regions: 49->49
[2025-08-19T10:49:11.009+0530][gc,metaspace] GC(26) Metaspace: 82182K(83072K)->82182K(83072K) NonClass: 72438K(72960K)->72438K(72960K) Class: 9744K(10112K)->9744K(10112K)
[2025-08-19T10:49:11.009+0530][gc          ] GC(26) Pause Young (Normal) (G1 Evacuation Pause) 4958M->2526M(7616M) 186.443ms
[2025-08-19T10:49:11.009+0530][gc,cpu      ] GC(26) User=1.88s Sys=0.00s Real=0.19s
[2025-08-19T10:49:25.297+0530][gc,start    ] GC(27) Pause Young (Normal) (G1 Evacuation Pause)
[2025-08-19T10:49:25.297+0530][gc,task     ] GC(27) Using 10 workers of 10 for evacuation
[2025-08-19T10:49:25.472+0530][gc,phases   ] GC(27)   Pre Evacuate Collection Set: 0.2ms
[2025-08-19T10:49:25.472+0530][gc,phases   ] GC(27)   Merge Heap Roots: 0.2ms
[2025-08-19T10:49:25.472+0530][gc,phases   ] GC(27)   Evacuate Collection Set: 149.0ms
[2025-08-19T10:49:25.472+0530][gc,phases   ] GC(27)   Post Evacuate Collection Set: 24.6ms
[2025-08-19T10:49:25.472+0530][gc,phases   ] GC(27)   Other: 0.1ms
[2025-08-19T10:49:25.472+0530][gc,heap     ] GC(27) Eden regions: 75->0(76)
[2025-08-19T10:49:25.472+0530][gc,heap     ] GC(27) Survivor regions: 7->7(11)
[2025-08-19T10:49:25.472+0530][gc,heap     ] GC(27) Old regions: 24->24
[2025-08-19T10:49:25.472+0530][gc,heap     ] GC(27) Humongous regions: 49->49
[2025-08-19T10:49:25.472+0530][gc,metaspace] GC(27) Metaspace: 82182K(83072K)->82182K(83072K) NonClass: 72438K(72960K)->72438K(72960K) Class: 9744K(10112K)->9744K(10112K)
[2025-08-19T10:49:25.472+0530][gc          ] GC(27) Pause Young (Normal) (G1 Evacuation Pause) 4926M->2519M(7616M) 174.575ms
[2025-08-19T10:49:25.472+0530][gc,cpu      ] GC(27) User=1.72s Sys=0.00s Real=0.17s
[2025-08-19T10:49:40.498+0530][gc,start    ] GC(28) Pause Young (Normal) (G1 Evacuation Pause)
[2025-08-19T10:49:40.499+0530][gc,task     ] GC(28) Using 10 workers of 10 for evacuation
[2025-08-19T10:49:40.684+0530][gc,phases   ] GC(28)   Pre Evacuate Collection Set: 0.4ms
[2025-08-19T10:49:40.684+0530][gc,phases   ] GC(28)   Merge Heap Roots: 0.2ms
[2025-08-19T10:49:40.685+0530][gc,phases   ] GC(28)   Evacuate Collection Set: 158.2ms
[2025-08-19T10:49:40.685+0530][gc,phases   ] GC(28)   Post Evacuate Collection Set: 27.1ms
[2025-08-19T10:49:40.685+0530][gc,phases   ] GC(28)   Other: 0.1ms
[2025-08-19T10:49:40.685+0530][gc,heap     ] GC(28) Eden regions: 76->0(76)
[2025-08-19T10:49:40.685+0530][gc,heap     ] GC(28) Survivor regions: 7->7(11)
[2025-08-19T10:49:40.685+0530][gc,heap     ] GC(28) Old regions: 24->24
[2025-08-19T10:49:40.685+0530][gc,heap     ] GC(28) Humongous regions: 49->49
[2025-08-19T10:49:40.685+0530][gc,metaspace] GC(28) Metaspace: 82203K(83200K)->82203K(83200K) NonClass: 72454K(73024K)->72454K(73024K) Class: 9749K(10176K)->9749K(10176K)
[2025-08-19T10:49:40.685+0530][gc          ] GC(28) Pause Young (Normal) (G1 Evacuation Pause) 4951M->2531M(7616M) 186.574ms
[2025-08-19T10:49:40.685+0530][gc,cpu      ] GC(28) User=1.88s Sys=0.00s Real=0.19s
[2025-08-19T10:49:56.912+0530][gc,start    ] GC(29) Pause Young (Normal) (G1 Evacuation Pause)
[2025-08-19T10:49:56.912+0530][gc,task     ] GC(29) Using 10 workers of 10 for evacuation
[2025-08-19T10:49:57.064+0530][gc,phases   ] GC(29)   Pre Evacuate Collection Set: 0.2ms
[2025-08-19T10:49:57.064+0530][gc,phases   ] GC(29)   Merge Heap Roots: 0.2ms
[2025-08-19T10:49:57.064+0530][gc,phases   ] GC(29)   Evacuate Collection Set: 125.7ms
[2025-08-19T10:49:57.064+0530][gc,phases   ] GC(29)   Post Evacuate Collection Set: 25.2ms
[2025-08-19T10:49:57.064+0530][gc,phases   ] GC(29)   Other: 0.1ms
[2025-08-19T10:49:57.064+0530][gc,heap     ] GC(29) Eden regions: 76->0(80)
[2025-08-19T10:49:57.064+0530][gc,heap     ] GC(29) Survivor regions: 7->7(11)
[2025-08-19T10:49:57.064+0530][gc,heap     ] GC(29) Old regions: 24->24
[2025-08-19T10:49:57.064+0530][gc,heap     ] GC(29) Humongous regions: 49->49
[2025-08-19T10:49:57.064+0530][gc,metaspace] GC(29) Metaspace: 82217K(83200K)->82217K(83200K) NonClass: 72466K(73024K)->72466K(73024K) Class: 9750K(10176K)->9750K(10176K)
[2025-08-19T10:49:57.064+0530][gc          ] GC(29) Pause Young (Normal) (G1 Evacuation Pause) 4963M->2525M(7616M) 151.891ms
[2025-08-19T10:49:57.064+0530][gc,cpu      ] GC(29) User=1.56s Sys=0.00s Real=0.15s
[2025-08-19T10:50:19.134+0530][gc,start    ] GC(30) Pause Young (Normal) (GCLocker Initiated GC)
[2025-08-19T10:50:19.134+0530][gc,task     ] GC(30) Using 10 workers of 10 for evacuation
[2025-08-19T10:50:19.304+0530][gc,phases   ] GC(30)   Pre Evacuate Collection Set: 0.2ms
[2025-08-19T10:50:19.304+0530][gc,phases   ] GC(30)   Merge Heap Roots: 0.1ms
[2025-08-19T10:50:19.304+0530][gc,phases   ] GC(30)   Evacuate Collection Set: 138.2ms
[2025-08-19T10:50:19.304+0530][gc,phases   ] GC(30)   Post Evacuate Collection Set: 31.3ms
[2025-08-19T10:50:19.304+0530][gc,phases   ] GC(30)   Other: 0.1ms
[2025-08-19T10:50:19.304+0530][gc,heap     ] GC(30) Eden regions: 81->0(82)
[2025-08-19T10:50:19.305+0530][gc,heap     ] GC(30) Survivor regions: 7->7(11)
[2025-08-19T10:50:19.305+0530][gc,heap     ] GC(30) Old regions: 24->24
[2025-08-19T10:50:19.305+0530][gc,heap     ] GC(30) Humongous regions: 49->49
[2025-08-19T10:50:19.305+0530][gc,metaspace] GC(30) Metaspace: 82862K(83776K)->82862K(83776K) NonClass: 73012K(73536K)->73012K(73536K) Class: 9849K(10240K)->9849K(10240K)
[2025-08-19T10:50:19.305+0530][gc          ] GC(30) Pause Young (Normal) (GCLocker Initiated GC) 5085M->2536M(7616M) 170.685ms
[2025-08-19T10:50:19.305+0530][gc,cpu      ] GC(30) User=1.64s Sys=0.02s Real=0.17s
[2025-08-19T10:50:41.014+0530][gc,start    ] GC(31) Pause Young (Normal) (G1 Evacuation Pause)
[2025-08-19T10:50:41.014+0530][gc,task     ] GC(31) Using 10 workers of 10 for evacuation
[2025-08-19T10:50:41.190+0530][gc,phases   ] GC(31)   Pre Evacuate Collection Set: 0.3ms
[2025-08-19T10:50:41.191+0530][gc,phases   ] GC(31)   Merge Heap Roots: 0.2ms
[2025-08-19T10:50:41.191+0530][gc,phases   ] GC(31)   Evacuate Collection Set: 146.5ms
[2025-08-19T10:50:41.191+0530][gc,phases   ] GC(31)   Post Evacuate Collection Set: 30.3ms
[2025-08-19T10:50:41.191+0530][gc,phases   ] GC(31)   Other: 0.1ms
[2025-08-19T10:50:41.191+0530][gc,heap     ] GC(31) Eden regions: 82->0(84)
[2025-08-19T10:50:41.191+0530][gc,heap     ] GC(31) Survivor regions: 7->7(12)
[2025-08-19T10:50:41.191+0530][gc,heap     ] GC(31) Old regions: 24->24
[2025-08-19T10:50:41.191+0530][gc,heap     ] GC(31) Humongous regions: 49->49
[2025-08-19T10:50:41.191+0530][gc,metaspace] GC(31) Metaspace: 82862K(83776K)->82862K(83776K) NonClass: 73013K(73536K)->73013K(73536K) Class: 9849K(10240K)->9849K(10240K)
[2025-08-19T10:50:41.191+0530][gc          ] GC(31) Pause Young (Normal) (G1 Evacuation Pause) 5160M->2536M(7616M) 177.782ms
[2025-08-19T10:50:41.191+0530][gc,cpu      ] GC(31) User=1.72s Sys=0.08s Real=0.18s
[2025-08-19T10:51:02.623+0530][gc,start    ] GC(32) Pause Young (Normal) (G1 Evacuation Pause)
[2025-08-19T10:51:02.623+0530][gc,task     ] GC(32) Using 10 workers of 10 for evacuation
[2025-08-19T10:51:02.832+0530][gc,mmu      ] GC(32) MMU target violated: 201.0ms (200.0ms/201.0ms)
[2025-08-19T10:51:02.832+0530][gc,phases   ] GC(32)   Pre Evacuate Collection Set: 0.2ms
[2025-08-19T10:51:02.832+0530][gc,phases   ] GC(32)   Merge Heap Roots: 0.1ms
[2025-08-19T10:51:02.832+0530][gc,phases   ] GC(32)   Evacuate Collection Set: 181.1ms
[2025-08-19T10:51:02.832+0530][gc,phases   ] GC(32)   Post Evacuate Collection Set: 28.1ms
[2025-08-19T10:51:02.832+0530][gc,phases   ] GC(32)   Other: 0.3ms
[2025-08-19T10:51:02.832+0530][gc,heap     ] GC(32) Eden regions: 84->0(78)
[2025-08-19T10:51:02.832+0530][gc,heap     ] GC(32) Survivor regions: 7->7(12)
[2025-08-19T10:51:02.832+0530][gc,heap     ] GC(32) Old regions: 24->24
[2025-08-19T10:51:02.832+0530][gc,heap     ] GC(32) Humongous regions: 49->49
[2025-08-19T10:51:02.832+0530][gc,metaspace] GC(32) Metaspace: 82917K(83840K)->82917K(83840K) NonClass: 73054K(73600K)->73054K(73600K) Class: 9863K(10240K)->9863K(10240K)
[2025-08-19T10:51:02.832+0530][gc          ] GC(32) Pause Young (Normal) (G1 Evacuation Pause) 5224M->2541M(7616M) 210.160ms
[2025-08-19T10:51:02.834+0530][gc,cpu      ] GC(32) User=2.03s Sys=0.02s Real=0.21s
[2025-08-19T10:51:23.131+0530][gc,start    ] GC(33) Pause Young (Normal) (G1 Evacuation Pause)
[2025-08-19T10:51:23.131+0530][gc,task     ] GC(33) Using 10 workers of 10 for evacuation
[2025-08-19T10:51:23.339+0530][gc,mmu      ] GC(33) MMU target violated: 201.0ms (200.0ms/201.0ms)
[2025-08-19T10:51:23.339+0530][gc,phases   ] GC(33)   Pre Evacuate Collection Set: 0.2ms
[2025-08-19T10:51:23.339+0530][gc,phases   ] GC(33)   Merge Heap Roots: 0.1ms
[2025-08-19T10:51:23.339+0530][gc,phases   ] GC(33)   Evacuate Collection Set: 180.1ms
[2025-08-19T10:51:23.339+0530][gc,phases   ] GC(33)   Post Evacuate Collection Set: 28.8ms
[2025-08-19T10:51:23.339+0530][gc,phases   ] GC(33)   Other: 0.2ms
[2025-08-19T10:51:23.340+0530][gc,heap     ] GC(33) Eden regions: 78->0(74)
[2025-08-19T10:51:23.340+0530][gc,heap     ] GC(33) Survivor regions: 7->7(11)
[2025-08-19T10:51:23.340+0530][gc,heap     ] GC(33) Old regions: 24->24
[2025-08-19T10:51:23.340+0530][gc,heap     ] GC(33) Humongous regions: 49->49
[2025-08-19T10:51:23.340+0530][gc,metaspace] GC(33) Metaspace: 82917K(83840K)->82917K(83840K) NonClass: 73054K(73600K)->73054K(73600K) Class: 9863K(10240K)->9863K(10240K)
[2025-08-19T10:51:23.340+0530][gc          ] GC(33) Pause Young (Normal) (G1 Evacuation Pause) 5037M->2534M(7616M) 209.984ms
[2025-08-19T10:51:23.340+0530][gc,cpu      ] GC(33) User=2.00s Sys=0.02s Real=0.21s
[2025-08-19T10:51:39.870+0530][gc,start    ] GC(34) Pause Young (Normal) (G1 Evacuation Pause)
[2025-08-19T10:51:39.870+0530][gc,task     ] GC(34) Using 10 workers of 10 for evacuation
[2025-08-19T10:51:40.034+0530][gc,phases   ] GC(34)   Pre Evacuate Collection Set: 0.2ms
[2025-08-19T10:51:40.034+0530][gc,phases   ] GC(34)   Merge Heap Roots: 0.1ms
[2025-08-19T10:51:40.035+0530][gc,phases   ] GC(34)   Evacuate Collection Set: 138.5ms
[2025-08-19T10:51:40.035+0530][gc,phases   ] GC(34)   Post Evacuate Collection Set: 25.6ms
[2025-08-19T10:51:40.035+0530][gc,phases   ] GC(34)   Other: 0.1ms
[2025-08-19T10:51:40.035+0530][gc,heap     ] GC(34) Eden regions: 74->0(77)
[2025-08-19T10:51:40.035+0530][gc,heap     ] GC(34) Survivor regions: 7->7(11)
[2025-08-19T10:51:40.035+0530][gc,heap     ] GC(34) Old regions: 24->24
[2025-08-19T10:51:40.035+0530][gc,heap     ] GC(34) Humongous regions: 49->49
[2025-08-19T10:51:40.035+0530][gc,metaspace] GC(34) Metaspace: 82917K(83840K)->82917K(83840K) NonClass: 73054K(73600K)->73054K(73600K) Class: 9863K(10240K)->9863K(10240K)
[2025-08-19T10:51:40.035+0530][gc          ] GC(34) Pause Young (Normal) (G1 Evacuation Pause) 4902M->2534M(7616M) 165.072ms
[2025-08-19T10:51:40.035+0530][gc,cpu      ] GC(34) User=1.72s Sys=0.00s Real=0.17s
[2025-08-19T10:51:56.147+0530][gc,start    ] GC(35) Pause Young (Normal) (G1 Evacuation Pause)
[2025-08-19T10:51:56.147+0530][gc,task     ] GC(35) Using 10 workers of 10 for evacuation
[2025-08-19T10:51:56.412+0530][gc,mmu      ] GC(35) MMU target violated: 201.0ms (200.0ms/201.0ms)
[2025-08-19T10:51:56.412+0530][gc,phases   ] GC(35)   Pre Evacuate Collection Set: 0.2ms
[2025-08-19T10:51:56.412+0530][gc,phases   ] GC(35)   Merge Heap Roots: 0.1ms
[2025-08-19T10:51:56.412+0530][gc,phases   ] GC(35)   Evacuate Collection Set: 235.0ms
[2025-08-19T10:51:56.413+0530][gc,phases   ] GC(35)   Post Evacuate Collection Set: 29.7ms
[2025-08-19T10:51:56.413+0530][gc,phases   ] GC(35)   Other: 0.3ms
[2025-08-19T10:51:56.413+0530][gc,heap     ] GC(35) Eden regions: 77->0(63)
[2025-08-19T10:51:56.413+0530][gc,heap     ] GC(35) Survivor regions: 7->7(11)
[2025-08-19T10:51:56.413+0530][gc,heap     ] GC(35) Old regions: 24->24
[2025-08-19T10:51:56.413+0530][gc,heap     ] GC(35) Humongous regions: 49->49
[2025-08-19T10:51:56.413+0530][gc,metaspace] GC(35) Metaspace: 82932K(83904K)->82932K(83904K) NonClass: 73066K(73664K)->73066K(73664K) Class: 9865K(10240K)->9865K(10240K)
[2025-08-19T10:51:56.413+0530][gc          ] GC(35) Pause Young (Normal) (G1 Evacuation Pause) 4998M->2533M(7616M) 265.872ms
[2025-08-19T10:51:56.413+0530][gc,cpu      ] GC(35) User=2.62s Sys=0.00s Real=0.27s
[2025-08-19T10:52:11.299+0530][gc,start    ] GC(36) Pause Young (Normal) (G1 Evacuation Pause)
[2025-08-19T10:52:11.299+0530][gc,task     ] GC(36) Using 10 workers of 10 for evacuation
[2025-08-19T10:52:11.427+0530][gc,phases   ] GC(36)   Pre Evacuate Collection Set: 0.6ms
[2025-08-19T10:52:11.427+0530][gc,phases   ] GC(36)   Merge Heap Roots: 0.2ms
[2025-08-19T10:52:11.427+0530][gc,phases   ] GC(36)   Evacuate Collection Set: 104.8ms
[2025-08-19T10:52:11.427+0530][gc,phases   ] GC(36)   Post Evacuate Collection Set: 22.1ms
[2025-08-19T10:52:11.427+0530][gc,phases   ] GC(36)   Other: 0.1ms
[2025-08-19T10:52:11.427+0530][gc,heap     ] GC(36) Eden regions: 63->0(69)
[2025-08-19T10:52:11.427+0530][gc,heap     ] GC(36) Survivor regions: 7->6(9)
[2025-08-19T10:52:11.427+0530][gc,heap     ] GC(36) Old regions: 24->24
[2025-08-19T10:52:11.427+0530][gc,heap     ] GC(36) Humongous regions: 49->49
[2025-08-19T10:52:11.427+0530][gc,metaspace] GC(36) Metaspace: 82934K(83904K)->82934K(83904K) NonClass: 73068K(73664K)->73068K(73664K) Class: 9866K(10240K)->9866K(10240K)
[2025-08-19T10:52:11.427+0530][gc          ] GC(36) Pause Young (Normal) (G1 Evacuation Pause) 4549M->2502M(7616M) 128.264ms
[2025-08-19T10:52:11.427+0530][gc,cpu      ] GC(36) User=1.22s Sys=0.02s Real=0.13s
[2025-08-19T10:52:25.751+0530][gc,start    ] GC(37) Pause Young (Normal) (G1 Evacuation Pause)
[2025-08-19T10:52:25.751+0530][gc,task     ] GC(37) Using 10 workers of 10 for evacuation
[2025-08-19T10:52:25.912+0530][gc,phases   ] GC(37)   Pre Evacuate Collection Set: 0.7ms
[2025-08-19T10:52:25.913+0530][gc,phases   ] GC(37)   Merge Heap Roots: 0.1ms
[2025-08-19T10:52:25.913+0530][gc,phases   ] GC(37)   Evacuate Collection Set: 136.9ms
[2025-08-19T10:52:25.913+0530][gc,phases   ] GC(37)   Post Evacuate Collection Set: 24.3ms
[2025-08-19T10:52:25.913+0530][gc,phases   ] GC(37)   Other: 0.1ms
[2025-08-19T10:52:25.913+0530][gc,heap     ] GC(37) Eden regions: 69->0(72)
[2025-08-19T10:52:25.913+0530][gc,heap     ] GC(37) Survivor regions: 6->6(10)
[2025-08-19T10:52:25.913+0530][gc,heap     ] GC(37) Old regions: 24->24
[2025-08-19T10:52:25.913+0530][gc,heap     ] GC(37) Humongous regions: 49->49
[2025-08-19T10:52:25.913+0530][gc,metaspace] GC(37) Metaspace: 82934K(83904K)->82934K(83904K) NonClass: 73068K(73664K)->73068K(73664K) Class: 9866K(10240K)->9866K(10240K)
[2025-08-19T10:52:25.913+0530][gc          ] GC(37) Pause Young (Normal) (G1 Evacuation Pause) 4710M->2523M(7616M) 162.610ms
[2025-08-19T10:52:25.913+0530][gc,cpu      ] GC(37) User=1.56s Sys=0.00s Real=0.16s
[2025-08-19T10:52:41.150+0530][gc,start    ] GC(38) Pause Young (Normal) (G1 Evacuation Pause)
[2025-08-19T10:52:41.150+0530][gc,task     ] GC(38) Using 10 workers of 10 for evacuation
[2025-08-19T10:52:41.390+0530][gc,mmu      ] GC(38) MMU target violated: 201.0ms (200.0ms/201.0ms)
[2025-08-19T10:52:41.390+0530][gc,phases   ] GC(38)   Pre Evacuate Collection Set: 0.5ms
[2025-08-19T10:52:41.390+0530][gc,phases   ] GC(38)   Merge Heap Roots: 0.2ms
[2025-08-19T10:52:41.390+0530][gc,phases   ] GC(38)   Evacuate Collection Set: 210.7ms
[2025-08-19T10:52:41.390+0530][gc,phases   ] GC(38)   Post Evacuate Collection Set: 27.6ms
[2025-08-19T10:52:41.390+0530][gc,phases   ] GC(38)   Other: 0.3ms
[2025-08-19T10:52:41.390+0530][gc,heap     ] GC(38) Eden regions: 72->0(65)
[2025-08-19T10:52:41.390+0530][gc,heap     ] GC(38) Survivor regions: 6->6(10)
[2025-08-19T10:52:41.390+0530][gc,heap     ] GC(38) Old regions: 24->24
[2025-08-19T10:52:41.390+0530][gc,heap     ] GC(38) Humongous regions: 49->49
[2025-08-19T10:52:41.390+0530][gc,metaspace] GC(38) Metaspace: 82934K(83904K)->82934K(83904K) NonClass: 73068K(73664K)->73068K(73664K) Class: 9866K(10240K)->9866K(10240K)
[2025-08-19T10:52:41.390+0530][gc          ] GC(38) Pause Young (Normal) (G1 Evacuation Pause) 4827M->2523M(7616M) 239.738ms
[2025-08-19T10:52:41.390+0530][gc,cpu      ] GC(38) User=2.00s Sys=0.03s Real=0.24s
[2025-08-19T10:52:58.842+0530][gc,start    ] GC(39) Pause Young (Normal) (G1 Evacuation Pause)
[2025-08-19T10:52:58.842+0530][gc,task     ] GC(39) Using 10 workers of 10 for evacuation
[2025-08-19T10:52:59.021+0530][gc,phases   ] GC(39)   Pre Evacuate Collection Set: 0.2ms
[2025-08-19T10:52:59.021+0530][gc,phases   ] GC(39)   Merge Heap Roots: 0.1ms
[2025-08-19T10:52:59.021+0530][gc,phases   ] GC(39)   Evacuate Collection Set: 154.9ms
[2025-08-19T10:52:59.021+0530][gc,phases   ] GC(39)   Post Evacuate Collection Set: 23.5ms
[2025-08-19T10:52:59.021+0530][gc,phases   ] GC(39)   Other: 0.1ms
[2025-08-19T10:52:59.021+0530][gc,heap     ] GC(39) Eden regions: 65->0(66)
[2025-08-19T10:52:59.021+0530][gc,heap     ] GC(39) Survivor regions: 6->6(9)
[2025-08-19T10:52:59.021+0530][gc,heap     ] GC(39) Old regions: 24->24
[2025-08-19T10:52:59.021+0530][gc,heap     ] GC(39) Humongous regions: 49->49
[2025-08-19T10:52:59.021+0530][gc,metaspace] GC(39) Metaspace: 82934K(83904K)->82934K(83904K) NonClass: 73068K(73664K)->73068K(73664K) Class: 9866K(10240K)->9866K(10240K)
[2025-08-19T10:52:59.021+0530][gc          ] GC(39) Pause Young (Normal) (G1 Evacuation Pause) 4603M->2508M(7616M) 179.315ms
[2025-08-19T10:52:59.021+0530][gc,cpu      ] GC(39) User=1.75s Sys=0.00s Real=0.18s
[2025-08-19T10:53:02.751+0530][gc,heap,exit] Heap
[2025-08-19T10:53:02.751+0530][gc,heap,exit]  garbage-first heap   total 7798784K, used 3232217K [0x0000000500000000, 0x0000000800000000)
[2025-08-19T10:53:02.751+0530][gc,heap,exit]   region size 32768K, 27 young (884736K), 6 survivors (196608K)
[2025-08-19T10:53:02.751+0530][gc,heap,exit]  Metaspace       used 83057K, committed 84032K, reserved 983040K
[2025-08-19T10:53:02.751+0530][gc,heap,exit]   class space    used 9889K, committed 10368K, reserved 851968K
