[2025-08-19T08:47:51.536+0530][gc,init] CardTable entry size: 512
[2025-08-19T08:47:51.536+0530][gc     ] Using G1
[2025-08-19T08:47:51.973+0530][gc,init] Version: 21.0.4+7-LTS (release)
[2025-08-19T08:47:51.974+0530][gc,init] CPUs: 12 total, 12 available
[2025-08-19T08:47:51.974+0530][gc,init] Memory: 15591M
[2025-08-19T08:47:51.974+0530][gc,init] Large Page Support: Disabled
[2025-08-19T08:47:51.974+0530][gc,init] NUMA Support: Disabled
[2025-08-19T08:47:51.974+0530][gc,init] Compressed Oops: Enabled (Zero based)
[2025-08-19T08:47:51.974+0530][gc,init] Heap Region Size: 32M
[2025-08-19T08:47:51.974+0530][gc,init] Heap Min Capacity: 6G
[2025-08-19T08:47:51.974+0530][gc,init] Heap Initial Capacity: 6G
[2025-08-19T08:47:51.974+0530][gc,init] Heap Max Capacity: 12G
[2025-08-19T08:47:51.975+0530][gc,init] Pre-touch: Enabled
[2025-08-19T08:47:51.975+0530][gc,init] Parallel Workers: 10
[2025-08-19T08:47:51.975+0530][gc,init] Concurrent Workers: 3
[2025-08-19T08:47:51.975+0530][gc,init] Concurrent Refinement Workers: 10
[2025-08-19T08:47:51.975+0530][gc,init] Periodic GC: Disabled
[2025-08-19T08:47:51.975+0530][gc,metaspace] CDS archive(s) not mapped
[2025-08-19T08:47:51.975+0530][gc,metaspace] Compressed class space mapped at: 0x0000000800000000-0x0000000834000000, reserved size: 872415232
[2025-08-19T08:47:51.975+0530][gc,metaspace] Narrow klass base: 0x0000000800000000, Narrow klass shift: 0, Narrow klass range: 0x34000000
[2025-08-19T08:47:56.477+0530][gc,start    ] GC(0) Pause Young (Normal) (G1 Evacuation Pause)
[2025-08-19T08:47:56.478+0530][gc,task     ] GC(0) Using 10 workers of 10 for evacuation
[2025-08-19T08:47:56.488+0530][gc,phases   ] GC(0)   Pre Evacuate Collection Set: 0.1ms
[2025-08-19T08:47:56.488+0530][gc,phases   ] GC(0)   Merge Heap Roots: 0.1ms
[2025-08-19T08:47:56.488+0530][gc,phases   ] GC(0)   Evacuate Collection Set: 9.0ms
[2025-08-19T08:47:56.488+0530][gc,phases   ] GC(0)   Post Evacuate Collection Set: 1.5ms
[2025-08-19T08:47:56.488+0530][gc,phases   ] GC(0)   Other: 0.8ms
[2025-08-19T08:47:56.488+0530][gc,heap     ] GC(0) Eden regions: 9->0(8)
[2025-08-19T08:47:56.488+0530][gc,heap     ] GC(0) Survivor regions: 0->1(2)
[2025-08-19T08:47:56.489+0530][gc,heap     ] GC(0) Old regions: 0->0
[2025-08-19T08:47:56.489+0530][gc,heap     ] GC(0) Humongous regions: 0->0
[2025-08-19T08:47:56.489+0530][gc,metaspace] GC(0) Metaspace: 40444K(40896K)->40444K(40896K) NonClass: 35545K(35776K)->35545K(35776K) Class: 4898K(5120K)->4898K(5120K)
[2025-08-19T08:47:56.489+0530][gc          ] GC(0) Pause Young (Normal) (G1 Evacuation Pause) 288M->20M(6144M) 12.047ms
[2025-08-19T08:47:56.489+0530][gc,cpu      ] GC(0) User=0.02s Sys=0.03s Real=0.01s
[2025-08-19T08:47:57.663+0530][gc,start    ] GC(1) Pause Young (Normal) (G1 Evacuation Pause)
[2025-08-19T08:47:57.663+0530][gc,task     ] GC(1) Using 10 workers of 10 for evacuation
[2025-08-19T08:47:57.681+0530][gc,phases   ] GC(1)   Pre Evacuate Collection Set: 0.2ms
[2025-08-19T08:47:57.681+0530][gc,phases   ] GC(1)   Merge Heap Roots: 0.1ms
[2025-08-19T08:47:57.681+0530][gc,phases   ] GC(1)   Evacuate Collection Set: 16.0ms
[2025-08-19T08:47:57.681+0530][gc,phases   ] GC(1)   Post Evacuate Collection Set: 1.8ms
[2025-08-19T08:47:57.681+0530][gc,phases   ] GC(1)   Other: 0.1ms
[2025-08-19T08:47:57.681+0530][gc,heap     ] GC(1) Eden regions: 8->0(7)
[2025-08-19T08:47:57.682+0530][gc,heap     ] GC(1) Survivor regions: 1->2(2)
[2025-08-19T08:47:57.682+0530][gc,heap     ] GC(1) Old regions: 0->1
[2025-08-19T08:47:57.682+0530][gc,heap     ] GC(1) Humongous regions: 0->0
[2025-08-19T08:47:57.682+0530][gc,metaspace] GC(1) Metaspace: 53515K(54144K)->53515K(54144K) NonClass: 47266K(47616K)->47266K(47616K) Class: 6249K(6528K)->6249K(6528K)
[2025-08-19T08:47:57.682+0530][gc          ] GC(1) Pause Young (Normal) (G1 Evacuation Pause) 276M->86M(6144M) 18.565ms
[2025-08-19T08:47:57.682+0530][gc,cpu      ] GC(1) User=0.06s Sys=0.09s Real=0.02s
[2025-08-19T08:48:01.661+0530][gc,start    ] GC(2) Pause Young (Normal) (G1 Evacuation Pause)
[2025-08-19T08:48:01.661+0530][gc,task     ] GC(2) Using 10 workers of 10 for evacuation
[2025-08-19T08:48:01.688+0530][gc,phases   ] GC(2)   Pre Evacuate Collection Set: 0.1ms
[2025-08-19T08:48:01.688+0530][gc,phases   ] GC(2)   Merge Heap Roots: 0.1ms
[2025-08-19T08:48:01.688+0530][gc,phases   ] GC(2)   Evacuate Collection Set: 24.3ms
[2025-08-19T08:48:01.688+0530][gc,phases   ] GC(2)   Post Evacuate Collection Set: 1.5ms
[2025-08-19T08:48:01.688+0530][gc,phases   ] GC(2)   Other: 0.2ms
[2025-08-19T08:48:01.688+0530][gc,heap     ] GC(2) Eden regions: 7->0(7)
[2025-08-19T08:48:01.688+0530][gc,heap     ] GC(2) Survivor regions: 2->2(2)
[2025-08-19T08:48:01.688+0530][gc,heap     ] GC(2) Old regions: 1->3
[2025-08-19T08:48:01.688+0530][gc,heap     ] GC(2) Humongous regions: 0->0
[2025-08-19T08:48:01.688+0530][gc,metaspace] GC(2) Metaspace: 60025K(60672K)->60025K(60672K) NonClass: 53125K(53504K)->53125K(53504K) Class: 6900K(7168K)->6900K(7168K)
[2025-08-19T08:48:01.688+0530][gc          ] GC(2) Pause Young (Normal) (G1 Evacuation Pause) 310M->156M(6144M) 26.665ms
[2025-08-19T08:48:01.688+0530][gc,cpu      ] GC(2) User=0.09s Sys=0.06s Real=0.03s
[2025-08-19T08:48:02.713+0530][gc,start    ] GC(3) Pause Young (Normal) (G1 Evacuation Pause)
[2025-08-19T08:48:02.714+0530][gc,task     ] GC(3) Using 10 workers of 10 for evacuation
[2025-08-19T08:48:02.727+0530][gc,phases   ] GC(3)   Pre Evacuate Collection Set: 0.2ms
[2025-08-19T08:48:02.728+0530][gc,phases   ] GC(3)   Merge Heap Roots: 0.1ms
[2025-08-19T08:48:02.728+0530][gc,phases   ] GC(3)   Evacuate Collection Set: 12.6ms
[2025-08-19T08:48:02.728+0530][gc,phases   ] GC(3)   Post Evacuate Collection Set: 0.9ms
[2025-08-19T08:48:02.728+0530][gc,phases   ] GC(3)   Other: 0.1ms
[2025-08-19T08:48:02.728+0530][gc,heap     ] GC(3) Eden regions: 7->0(7)
[2025-08-19T08:48:02.728+0530][gc,heap     ] GC(3) Survivor regions: 2->2(2)
[2025-08-19T08:48:02.728+0530][gc,heap     ] GC(3) Old regions: 3->6
[2025-08-19T08:48:02.728+0530][gc,heap     ] GC(3) Humongous regions: 30->25
[2025-08-19T08:48:02.728+0530][gc,metaspace] GC(3) Metaspace: 66149K(66816K)->66149K(66816K) NonClass: 58567K(58944K)->58567K(58944K) Class: 7582K(7872K)->7582K(7872K)
[2025-08-19T08:48:02.728+0530][gc          ] GC(3) Pause Young (Normal) (G1 Evacuation Pause) 1340M->1009M(6144M) 14.391ms
[2025-08-19T08:48:02.728+0530][gc,cpu      ] GC(3) User=0.08s Sys=0.08s Real=0.01s
[2025-08-19T08:48:05.137+0530][gc,start    ] GC(4) Pause Young (Normal) (G1 Evacuation Pause)
[2025-08-19T08:48:05.137+0530][gc,task     ] GC(4) Using 10 workers of 10 for evacuation
[2025-08-19T08:48:05.140+0530][gc,phases   ] GC(4)   Pre Evacuate Collection Set: 0.2ms
[2025-08-19T08:48:05.140+0530][gc,phases   ] GC(4)   Merge Heap Roots: 0.1ms
[2025-08-19T08:48:05.140+0530][gc,phases   ] GC(4)   Evacuate Collection Set: 1.7ms
[2025-08-19T08:48:05.140+0530][gc,phases   ] GC(4)   Post Evacuate Collection Set: 0.7ms
[2025-08-19T08:48:05.140+0530][gc,phases   ] GC(4)   Other: 0.1ms
[2025-08-19T08:48:05.140+0530][gc,heap     ] GC(4) Eden regions: 7->0(8)
[2025-08-19T08:48:05.140+0530][gc,heap     ] GC(4) Survivor regions: 2->1(2)
[2025-08-19T08:48:05.140+0530][gc,heap     ] GC(4) Old regions: 6->6
[2025-08-19T08:48:05.140+0530][gc,heap     ] GC(4) Humongous regions: 80->36
[2025-08-19T08:48:05.140+0530][gc,metaspace] GC(4) Metaspace: 66493K(67136K)->66493K(67136K) NonClass: 58885K(59264K)->58885K(59264K) Class: 7607K(7872K)->7607K(7872K)
[2025-08-19T08:48:05.140+0530][gc          ] GC(4) Pause Young (Normal) (G1 Evacuation Pause) 2993M->1325M(6144M) 3.279ms
[2025-08-19T08:48:05.140+0530][gc,cpu      ] GC(4) User=0.00s Sys=0.00s Real=0.00s
[2025-08-19T08:48:06.335+0530][gc,start    ] GC(5) Pause Young (Normal) (G1 Evacuation Pause)
[2025-08-19T08:48:06.335+0530][gc,task     ] GC(5) Using 10 workers of 10 for evacuation
[2025-08-19T08:48:06.337+0530][gc,phases   ] GC(5)   Pre Evacuate Collection Set: 0.2ms
[2025-08-19T08:48:06.337+0530][gc,phases   ] GC(5)   Merge Heap Roots: 0.1ms
[2025-08-19T08:48:06.337+0530][gc,phases   ] GC(5)   Evacuate Collection Set: 0.7ms
[2025-08-19T08:48:06.337+0530][gc,phases   ] GC(5)   Post Evacuate Collection Set: 0.5ms
[2025-08-19T08:48:06.337+0530][gc,phases   ] GC(5)   Other: 0.1ms
[2025-08-19T08:48:06.337+0530][gc,heap     ] GC(5) Eden regions: 8->0(12)
[2025-08-19T08:48:06.337+0530][gc,heap     ] GC(5) Survivor regions: 1->1(2)
[2025-08-19T08:48:06.337+0530][gc,heap     ] GC(5) Old regions: 6->6
[2025-08-19T08:48:06.337+0530][gc,heap     ] GC(5) Humongous regions: 36->36
[2025-08-19T08:48:06.337+0530][gc,metaspace] GC(5) Metaspace: 66493K(67136K)->66493K(67136K) NonClass: 58886K(59264K)->58886K(59264K) Class: 7607K(7872K)->7607K(7872K)
[2025-08-19T08:48:06.337+0530][gc          ] GC(5) Pause Young (Normal) (G1 Evacuation Pause) 1581M->1323M(6144M) 2.188ms
[2025-08-19T08:48:06.337+0530][gc,cpu      ] GC(5) User=0.00s Sys=0.00s Real=0.00s
[2025-08-19T08:48:08.712+0530][gc,start    ] GC(6) Pause Young (Normal) (G1 Evacuation Pause)
[2025-08-19T08:48:08.712+0530][gc,task     ] GC(6) Using 10 workers of 10 for evacuation
[2025-08-19T08:48:08.715+0530][gc,phases   ] GC(6)   Pre Evacuate Collection Set: 0.5ms
[2025-08-19T08:48:08.715+0530][gc,phases   ] GC(6)   Merge Heap Roots: 0.2ms
[2025-08-19T08:48:08.715+0530][gc,phases   ] GC(6)   Evacuate Collection Set: 0.6ms
[2025-08-19T08:48:08.715+0530][gc,phases   ] GC(6)   Post Evacuate Collection Set: 0.6ms
[2025-08-19T08:48:08.715+0530][gc,phases   ] GC(6)   Other: 0.1ms
[2025-08-19T08:48:08.715+0530][gc,heap     ] GC(6) Eden regions: 15->0(114)
[2025-08-19T08:48:08.715+0530][gc,heap     ] GC(6) Survivor regions: 1->1(2)
[2025-08-19T08:48:08.715+0530][gc,heap     ] GC(6) Old regions: 6->6
[2025-08-19T08:48:08.715+0530][gc,heap     ] GC(6) Humongous regions: 36->36
[2025-08-19T08:48:08.715+0530][gc,metaspace] GC(6) Metaspace: 66496K(67136K)->66496K(67136K) NonClass: 58888K(59264K)->58888K(59264K) Class: 7607K(7872K)->7607K(7872K)
[2025-08-19T08:48:08.715+0530][gc          ] GC(6) Pause Young (Normal) (G1 Evacuation Pause) 1803M->1323M(6144M) 2.492ms
[2025-08-19T08:48:08.715+0530][gc,cpu      ] GC(6) User=0.00s Sys=0.00s Real=0.00s
[2025-08-19T08:56:13.663+0530][gc,heap,exit] Heap
[2025-08-19T08:56:13.663+0530][gc,heap,exit]  garbage-first heap   total 6291456K, used 2940732K [0x0000000500000000, 0x0000000800000000)
[2025-08-19T08:56:13.663+0530][gc,heap,exit]   region size 32768K, 50 young (1638400K), 1 survivors (32768K)
[2025-08-19T08:56:13.663+0530][gc,heap,exit]  Metaspace       used 76487K, committed 77312K, reserved 983040K
[2025-08-19T08:56:13.663+0530][gc,heap,exit]   class space    used 9040K, committed 9408K, reserved 851968K
