[2025-08-18T10:36:23.104+0530][gc,init] CardTable entry size: 512
[2025-08-18T10:36:23.105+0530][gc     ] Using G1
[2025-08-18T10:36:23.757+0530][gc,init] Version: 21.0.4+7-LTS (release)
[2025-08-18T10:36:23.757+0530][gc,init] CPUs: 12 total, 12 available
[2025-08-18T10:36:23.757+0530][gc,init] Memory: 15591M
[2025-08-18T10:36:23.757+0530][gc,init] Large Page Support: Disabled
[2025-08-18T10:36:23.757+0530][gc,init] NUMA Support: Disabled
[2025-08-18T10:36:23.758+0530][gc,init] Compressed Oops: Enabled (Zero based)
[2025-08-18T10:36:23.758+0530][gc,init] Heap Region Size: 32M
[2025-08-18T10:36:23.758+0530][gc,init] Heap Min Capacity: 6G
[2025-08-18T10:36:23.758+0530][gc,init] Heap Initial Capacity: 6G
[2025-08-18T10:36:23.758+0530][gc,init] Heap Max Capacity: 12G
[2025-08-18T10:36:23.758+0530][gc,init] Pre-touch: Enabled
[2025-08-18T10:36:23.758+0530][gc,init] Parallel Workers: 10
[2025-08-18T10:36:23.758+0530][gc,init] Concurrent Workers: 3
[2025-08-18T10:36:23.758+0530][gc,init] Concurrent Refinement Workers: 10
[2025-08-18T10:36:23.758+0530][gc,init] Periodic GC: Disabled
[2025-08-18T10:36:23.759+0530][gc,metaspace] CDS archive(s) not mapped
[2025-08-18T10:36:23.759+0530][gc,metaspace] Compressed class space mapped at: 0x0000000800000000-0x0000000834000000, reserved size: 872415232
[2025-08-18T10:36:23.759+0530][gc,metaspace] Narrow klass base: 0x0000000800000000, Narrow klass shift: 0, Narrow klass range: 0x34000000
[2025-08-18T10:36:28.278+0530][gc,start    ] GC(0) Pause Young (Normal) (G1 Evacuation Pause)
[2025-08-18T10:36:28.280+0530][gc,task     ] GC(0) Using 10 workers of 10 for evacuation
[2025-08-18T10:36:28.291+0530][gc,phases   ] GC(0)   Pre Evacuate Collection Set: 0.1ms
[2025-08-18T10:36:28.291+0530][gc,phases   ] GC(0)   Merge Heap Roots: 0.1ms
[2025-08-18T10:36:28.291+0530][gc,phases   ] GC(0)   Evacuate Collection Set: 8.8ms
[2025-08-18T10:36:28.291+0530][gc,phases   ] GC(0)   Post Evacuate Collection Set: 1.6ms
[2025-08-18T10:36:28.291+0530][gc,phases   ] GC(0)   Other: 0.9ms
[2025-08-18T10:36:28.291+0530][gc,heap     ] GC(0) Eden regions: 9->0(8)
[2025-08-18T10:36:28.291+0530][gc,heap     ] GC(0) Survivor regions: 0->1(2)
[2025-08-18T10:36:28.291+0530][gc,heap     ] GC(0) Old regions: 0->0
[2025-08-18T10:36:28.291+0530][gc,heap     ] GC(0) Humongous regions: 0->0
[2025-08-18T10:36:28.291+0530][gc,metaspace] GC(0) Metaspace: 41516K(42048K)->41516K(42048K) NonClass: 36466K(36800K)->36466K(36800K) Class: 5050K(5248K)->5050K(5248K)
[2025-08-18T10:36:28.291+0530][gc          ] GC(0) Pause Young (Normal) (G1 Evacuation Pause) 288M->21M(6144M) 12.598ms
[2025-08-18T10:36:28.291+0530][gc,cpu      ] GC(0) User=0.02s Sys=0.14s Real=0.01s
[2025-08-18T10:36:29.503+0530][gc,start    ] GC(1) Pause Young (Normal) (G1 Evacuation Pause)
[2025-08-18T10:36:29.503+0530][gc,task     ] GC(1) Using 10 workers of 10 for evacuation
[2025-08-18T10:36:29.522+0530][gc,phases   ] GC(1)   Pre Evacuate Collection Set: 0.1ms
[2025-08-18T10:36:29.522+0530][gc,phases   ] GC(1)   Merge Heap Roots: 0.1ms
[2025-08-18T10:36:29.522+0530][gc,phases   ] GC(1)   Evacuate Collection Set: 16.3ms
[2025-08-18T10:36:29.522+0530][gc,phases   ] GC(1)   Post Evacuate Collection Set: 2.0ms
[2025-08-18T10:36:29.522+0530][gc,phases   ] GC(1)   Other: 0.1ms
[2025-08-18T10:36:29.522+0530][gc,heap     ] GC(1) Eden regions: 8->0(7)
[2025-08-18T10:36:29.522+0530][gc,heap     ] GC(1) Survivor regions: 1->2(2)
[2025-08-18T10:36:29.522+0530][gc,heap     ] GC(1) Old regions: 0->0
[2025-08-18T10:36:29.523+0530][gc,heap     ] GC(1) Humongous regions: 0->0
[2025-08-18T10:36:29.523+0530][gc,metaspace] GC(1) Metaspace: 53520K(54080K)->53520K(54080K) NonClass: 47269K(47616K)->47269K(47616K) Class: 6250K(6464K)->6250K(6464K)
[2025-08-18T10:36:29.523+0530][gc          ] GC(1) Pause Young (Normal) (G1 Evacuation Pause) 276M->58M(6144M) 19.006ms
[2025-08-18T10:36:29.523+0530][gc,cpu      ] GC(1) User=0.05s Sys=0.11s Real=0.02s
[2025-08-18T10:36:33.397+0530][gc,start    ] GC(2) Pause Young (Normal) (G1 Evacuation Pause)
[2025-08-18T10:36:33.397+0530][gc,task     ] GC(2) Using 10 workers of 10 for evacuation
[2025-08-18T10:36:33.419+0530][gc,phases   ] GC(2)   Pre Evacuate Collection Set: 0.2ms
[2025-08-18T10:36:33.419+0530][gc,phases   ] GC(2)   Merge Heap Roots: 0.1ms
[2025-08-18T10:36:33.419+0530][gc,phases   ] GC(2)   Evacuate Collection Set: 19.0ms
[2025-08-18T10:36:33.419+0530][gc,phases   ] GC(2)   Post Evacuate Collection Set: 2.1ms
[2025-08-18T10:36:33.419+0530][gc,phases   ] GC(2)   Other: 0.3ms
[2025-08-18T10:36:33.419+0530][gc,heap     ] GC(2) Eden regions: 7->0(8)
[2025-08-18T10:36:33.419+0530][gc,heap     ] GC(2) Survivor regions: 2->1(2)
[2025-08-18T10:36:33.419+0530][gc,heap     ] GC(2) Old regions: 0->2
[2025-08-18T10:36:33.419+0530][gc,heap     ] GC(2) Humongous regions: 22->19
[2025-08-18T10:36:33.419+0530][gc,metaspace] GC(2) Metaspace: 66418K(67072K)->66418K(67072K) NonClass: 58818K(59200K)->58818K(59200K) Class: 7599K(7872K)->7599K(7872K)
[2025-08-18T10:36:33.419+0530][gc          ] GC(2) Pause Young (Normal) (G1 Evacuation Pause) 986M->677M(6144M) 22.183ms
[2025-08-18T10:36:33.419+0530][gc,cpu      ] GC(2) User=0.09s Sys=0.06s Real=0.02s
[2025-08-18T10:36:35.517+0530][gc,start    ] GC(3) Pause Young (Normal) (G1 Evacuation Pause)
[2025-08-18T10:36:35.518+0530][gc,task     ] GC(3) Using 10 workers of 10 for evacuation
[2025-08-18T10:36:35.524+0530][gc,phases   ] GC(3)   Pre Evacuate Collection Set: 0.2ms
[2025-08-18T10:36:35.524+0530][gc,phases   ] GC(3)   Merge Heap Roots: 0.2ms
[2025-08-18T10:36:35.524+0530][gc,phases   ] GC(3)   Evacuate Collection Set: 5.1ms
[2025-08-18T10:36:35.524+0530][gc,phases   ] GC(3)   Post Evacuate Collection Set: 0.9ms
[2025-08-18T10:36:35.524+0530][gc,phases   ] GC(3)   Other: 0.1ms
[2025-08-18T10:36:35.524+0530][gc,heap     ] GC(3) Eden regions: 8->0(8)
[2025-08-18T10:36:35.524+0530][gc,heap     ] GC(3) Survivor regions: 1->1(2)
[2025-08-18T10:36:35.524+0530][gc,heap     ] GC(3) Old regions: 2->2
[2025-08-18T10:36:35.524+0530][gc,heap     ] GC(3) Humongous regions: 70->24
[2025-08-18T10:36:35.524+0530][gc,metaspace] GC(3) Metaspace: 66443K(67072K)->66443K(67072K) NonClass: 58840K(59200K)->58840K(59200K) Class: 7602K(7872K)->7602K(7872K)
[2025-08-18T10:36:35.524+0530][gc          ] GC(3) Pause Young (Normal) (G1 Evacuation Pause) 2565M->824M(6144M) 7.073ms
[2025-08-18T10:36:35.524+0530][gc,cpu      ] GC(3) User=0.12s Sys=0.03s Real=0.01s
[2025-08-18T10:36:36.383+0530][gc,start    ] GC(4) Pause Young (Normal) (G1 Evacuation Pause)
[2025-08-18T10:36:36.383+0530][gc,task     ] GC(4) Using 10 workers of 10 for evacuation
[2025-08-18T10:36:36.388+0530][gc,phases   ] GC(4)   Pre Evacuate Collection Set: 0.2ms
[2025-08-18T10:36:36.388+0530][gc,phases   ] GC(4)   Merge Heap Roots: 0.1ms
[2025-08-18T10:36:36.388+0530][gc,phases   ] GC(4)   Evacuate Collection Set: 3.9ms
[2025-08-18T10:36:36.388+0530][gc,phases   ] GC(4)   Post Evacuate Collection Set: 0.9ms
[2025-08-18T10:36:36.388+0530][gc,phases   ] GC(4)   Other: 0.1ms
[2025-08-18T10:36:36.388+0530][gc,heap     ] GC(4) Eden regions: 8->0(11)
[2025-08-18T10:36:36.388+0530][gc,heap     ] GC(4) Survivor regions: 1->1(2)
[2025-08-18T10:36:36.388+0530][gc,heap     ] GC(4) Old regions: 2->2
[2025-08-18T10:36:36.388+0530][gc,heap     ] GC(4) Humongous regions: 24->24
[2025-08-18T10:36:36.388+0530][gc,metaspace] GC(4) Metaspace: 66443K(67072K)->66443K(67072K) NonClass: 58840K(59200K)->58840K(59200K) Class: 7602K(7872K)->7602K(7872K)
[2025-08-18T10:36:36.389+0530][gc          ] GC(4) Pause Young (Normal) (G1 Evacuation Pause) 1080M->823M(6144M) 5.749ms
[2025-08-18T10:36:36.389+0530][gc,cpu      ] GC(4) User=0.00s Sys=0.00s Real=0.01s
[2025-08-18T10:36:37.701+0530][gc,start    ] GC(5) Pause Young (Normal) (G1 Evacuation Pause)
[2025-08-18T10:36:37.701+0530][gc,task     ] GC(5) Using 10 workers of 10 for evacuation
[2025-08-18T10:36:37.706+0530][gc,phases   ] GC(5)   Pre Evacuate Collection Set: 0.2ms
[2025-08-18T10:36:37.706+0530][gc,phases   ] GC(5)   Merge Heap Roots: 0.1ms
[2025-08-18T10:36:37.706+0530][gc,phases   ] GC(5)   Evacuate Collection Set: 4.2ms
[2025-08-18T10:36:37.706+0530][gc,phases   ] GC(5)   Post Evacuate Collection Set: 0.8ms
[2025-08-18T10:36:37.706+0530][gc,phases   ] GC(5)   Other: 0.1ms
[2025-08-18T10:36:37.706+0530][gc,heap     ] GC(5) Eden regions: 11->0(114)
[2025-08-18T10:36:37.706+0530][gc,heap     ] GC(5) Survivor regions: 1->1(2)
[2025-08-18T10:36:37.706+0530][gc,heap     ] GC(5) Old regions: 2->2
[2025-08-18T10:36:37.706+0530][gc,heap     ] GC(5) Humongous regions: 24->24
[2025-08-18T10:36:37.706+0530][gc,metaspace] GC(5) Metaspace: 66443K(67072K)->66443K(67072K) NonClass: 58840K(59200K)->58840K(59200K) Class: 7602K(7872K)->7602K(7872K)
[2025-08-18T10:36:37.706+0530][gc          ] GC(5) Pause Young (Normal) (G1 Evacuation Pause) 1175M->822M(6144M) 5.853ms
[2025-08-18T10:36:37.707+0530][gc,cpu      ] GC(5) User=0.00s Sys=0.00s Real=0.01s
[2025-08-18T10:38:50.949+0530][gc,start    ] GC(6) Pause Young (Normal) (G1 Evacuation Pause)
[2025-08-18T10:38:50.949+0530][gc,task     ] GC(6) Using 10 workers of 10 for evacuation
[2025-08-18T10:38:51.017+0530][gc,phases   ] GC(6)   Pre Evacuate Collection Set: 0.2ms
[2025-08-18T10:38:51.017+0530][gc,phases   ] GC(6)   Merge Heap Roots: 0.1ms
[2025-08-18T10:38:51.017+0530][gc,phases   ] GC(6)   Evacuate Collection Set: 58.6ms
[2025-08-18T10:38:51.017+0530][gc,phases   ] GC(6)   Post Evacuate Collection Set: 8.5ms
[2025-08-18T10:38:51.017+0530][gc,phases   ] GC(6)   Other: 0.2ms
[2025-08-18T10:38:51.017+0530][gc,heap     ] GC(6) Eden regions: 114->0(25)
[2025-08-18T10:38:51.017+0530][gc,heap     ] GC(6) Survivor regions: 1->3(15)
[2025-08-18T10:38:51.017+0530][gc,heap     ] GC(6) Old regions: 2->2
[2025-08-18T10:38:51.017+0530][gc,heap     ] GC(6) Humongous regions: 24->0
[2025-08-18T10:38:51.017+0530][gc,metaspace] GC(6) Metaspace: 77895K(78784K)->77895K(78784K) NonClass: 68648K(69120K)->68648K(69120K) Class: 9247K(9664K)->9247K(9664K)
[2025-08-18T10:38:51.023+0530][gc          ] GC(6) Pause Young (Normal) (G1 Evacuation Pause) 4470M->135M(6144M) 74.193ms
[2025-08-18T10:38:51.024+0530][gc,cpu      ] GC(6) User=0.56s Sys=0.06s Real=0.08s
