[2025-08-20T09:28:10.960+0530][gc,init] CardTable entry size: 512
[2025-08-20T09:28:10.963+0530][gc     ] Using G1
[2025-08-20T09:28:16.866+0530][gc,init] Version: 21.0.4+7-LTS (release)
[2025-08-20T09:28:16.868+0530][gc,init] CPUs: 12 total, 12 available
[2025-08-20T09:28:16.868+0530][gc,init] Memory: 15591M
[2025-08-20T09:28:16.868+0530][gc,init] Large Page Support: Disabled
[2025-08-20T09:28:16.868+0530][gc,init] NUMA Support: Disabled
[2025-08-20T09:28:16.868+0530][gc,init] Compressed Oops: Enabled (Zero based)
[2025-08-20T09:28:16.868+0530][gc,init] Heap Region Size: 32M
[2025-08-20T09:28:16.868+0530][gc,init] Heap Min Capacity: 6G
[2025-08-20T09:28:16.868+0530][gc,init] Heap Initial Capacity: 6G
[2025-08-20T09:28:16.868+0530][gc,init] Heap Max Capacity: 12G
[2025-08-20T09:28:16.869+0530][gc,init] Pre-touch: Enabled
[2025-08-20T09:28:16.869+0530][gc,init] Parallel Workers: 10
[2025-08-20T09:28:16.869+0530][gc,init] Concurrent Workers: 3
[2025-08-20T09:28:16.869+0530][gc,init] Concurrent Refinement Workers: 10
[2025-08-20T09:28:16.869+0530][gc,init] Periodic GC: Disabled
[2025-08-20T09:28:16.873+0530][gc,metaspace] CDS archive(s) not mapped
[2025-08-20T09:28:16.873+0530][gc,metaspace] Compressed class space mapped at: 0x0000000800000000-0x0000000834000000, reserved size: 872415232
[2025-08-20T09:28:16.873+0530][gc,metaspace] Narrow klass base: 0x0000000800000000, Narrow klass shift: 0, Narrow klass range: 0x34000000
[2025-08-20T09:28:45.232+0530][gc,start    ] GC(0) Pause Young (Normal) (G1 Evacuation Pause)
[2025-08-20T09:28:45.234+0530][gc,task     ] GC(0) Using 10 workers of 10 for evacuation
[2025-08-20T09:28:45.262+0530][gc,phases   ] GC(0)   Pre Evacuate Collection Set: 0.2ms
[2025-08-20T09:28:45.262+0530][gc,phases   ] GC(0)   Merge Heap Roots: 0.1ms
[2025-08-20T09:28:45.262+0530][gc,phases   ] GC(0)   Evacuate Collection Set: 25.3ms
[2025-08-20T09:28:45.262+0530][gc,phases   ] GC(0)   Post Evacuate Collection Set: 2.0ms
[2025-08-20T09:28:45.262+0530][gc,phases   ] GC(0)   Other: 2.2ms
[2025-08-20T09:28:45.262+0530][gc,heap     ] GC(0) Eden regions: 9->0(8)
[2025-08-20T09:28:45.262+0530][gc,heap     ] GC(0) Survivor regions: 0->1(2)
[2025-08-20T09:28:45.262+0530][gc,heap     ] GC(0) Old regions: 0->0
[2025-08-20T09:28:45.262+0530][gc,heap     ] GC(0) Humongous regions: 0->0
[2025-08-20T09:28:45.263+0530][gc,metaspace] GC(0) Metaspace: 39255K(39808K)->39255K(39808K) NonClass: 34507K(34816K)->34507K(34816K) Class: 4747K(4992K)->4747K(4992K)
[2025-08-20T09:28:45.263+0530][gc          ] GC(0) Pause Young (Normal) (G1 Evacuation Pause) 288M->20M(6144M) 31.555ms
[2025-08-20T09:28:45.263+0530][gc,cpu      ] GC(0) User=0.02s Sys=0.09s Real=0.03s
[2025-08-20T09:28:54.501+0530][gc,start    ] GC(1) Pause Young (Normal) (G1 Evacuation Pause)
[2025-08-20T09:28:54.502+0530][gc,task     ] GC(1) Using 10 workers of 10 for evacuation
[2025-08-20T09:28:54.541+0530][gc,phases   ] GC(1)   Pre Evacuate Collection Set: 0.2ms
[2025-08-20T09:28:54.541+0530][gc,phases   ] GC(1)   Merge Heap Roots: 0.1ms
[2025-08-20T09:28:54.541+0530][gc,phases   ] GC(1)   Evacuate Collection Set: 35.5ms
[2025-08-20T09:28:54.541+0530][gc,phases   ] GC(1)   Post Evacuate Collection Set: 2.3ms
[2025-08-20T09:28:54.541+0530][gc,phases   ] GC(1)   Other: 0.6ms
[2025-08-20T09:28:54.541+0530][gc,heap     ] GC(1) Eden regions: 8->0(7)
[2025-08-20T09:28:54.541+0530][gc,heap     ] GC(1) Survivor regions: 1->2(2)
[2025-08-20T09:28:54.541+0530][gc,heap     ] GC(1) Old regions: 0->2
[2025-08-20T09:28:54.541+0530][gc,heap     ] GC(1) Humongous regions: 0->0
[2025-08-20T09:28:54.541+0530][gc,metaspace] GC(1) Metaspace: 53534K(54144K)->53534K(54144K) NonClass: 47281K(47616K)->47281K(47616K) Class: 6253K(6528K)->6253K(6528K)
[2025-08-20T09:28:54.541+0530][gc          ] GC(1) Pause Young (Normal) (G1 Evacuation Pause) 276M->100M(6144M) 39.481ms
[2025-08-20T09:28:54.541+0530][gc,cpu      ] GC(1) User=0.19s Sys=0.16s Real=0.04s
[2025-08-20T09:28:59.106+0530][gc,start    ] GC(2) Pause Young (Normal) (G1 Evacuation Pause)
[2025-08-20T09:28:59.106+0530][gc,task     ] GC(2) Using 10 workers of 10 for evacuation
[2025-08-20T09:28:59.169+0530][gc,phases   ] GC(2)   Pre Evacuate Collection Set: 0.2ms
[2025-08-20T09:28:59.169+0530][gc,phases   ] GC(2)   Merge Heap Roots: 0.1ms
[2025-08-20T09:28:59.169+0530][gc,phases   ] GC(2)   Evacuate Collection Set: 61.4ms
[2025-08-20T09:28:59.169+0530][gc,phases   ] GC(2)   Post Evacuate Collection Set: 1.9ms
[2025-08-20T09:28:59.169+0530][gc,phases   ] GC(2)   Other: 0.3ms
[2025-08-20T09:28:59.169+0530][gc,heap     ] GC(2) Eden regions: 7->0(7)
[2025-08-20T09:28:59.169+0530][gc,heap     ] GC(2) Survivor regions: 2->2(2)
[2025-08-20T09:28:59.169+0530][gc,heap     ] GC(2) Old regions: 2->6
[2025-08-20T09:28:59.169+0530][gc,heap     ] GC(2) Humongous regions: 0->0
[2025-08-20T09:28:59.169+0530][gc,metaspace] GC(2) Metaspace: 57392K(57984K)->57392K(57984K) NonClass: 51120K(51456K)->51120K(51456K) Class: 6271K(6528K)->6271K(6528K)
[2025-08-20T09:28:59.169+0530][gc          ] GC(2) Pause Young (Normal) (G1 Evacuation Pause) 324M->227M(6144M) 64.541ms
[2025-08-20T09:28:59.169+0530][gc,cpu      ] GC(2) User=0.27s Sys=0.22s Real=0.06s
[2025-08-20T09:29:14.780+0530][gc,start    ] GC(3) Pause Young (Normal) (G1 Evacuation Pause)
[2025-08-20T09:29:14.780+0530][gc,task     ] GC(3) Using 10 workers of 10 for evacuation
[2025-08-20T09:29:14.810+0530][gc,phases   ] GC(3)   Pre Evacuate Collection Set: 0.2ms
[2025-08-20T09:29:14.810+0530][gc,phases   ] GC(3)   Merge Heap Roots: 0.1ms
[2025-08-20T09:29:14.810+0530][gc,phases   ] GC(3)   Evacuate Collection Set: 28.8ms
[2025-08-20T09:29:14.810+0530][gc,phases   ] GC(3)   Post Evacuate Collection Set: 0.8ms
[2025-08-20T09:29:14.810+0530][gc,phases   ] GC(3)   Other: 0.1ms
[2025-08-20T09:29:14.810+0530][gc,heap     ] GC(3) Eden regions: 7->0(7)
[2025-08-20T09:29:14.810+0530][gc,heap     ] GC(3) Survivor regions: 2->2(2)
[2025-08-20T09:29:14.810+0530][gc,heap     ] GC(3) Old regions: 6->8
[2025-08-20T09:29:14.810+0530][gc,heap     ] GC(3) Humongous regions: 1->0
[2025-08-20T09:29:14.810+0530][gc,metaspace] GC(3) Metaspace: 63586K(64192K)->63586K(64192K) NonClass: 56365K(56704K)->56365K(56704K) Class: 7221K(7488K)->7221K(7488K)
[2025-08-20T09:29:14.810+0530][gc          ] GC(3) Pause Young (Normal) (G1 Evacuation Pause) 482M->312M(6144M) 30.859ms
[2025-08-20T09:29:14.810+0530][gc,cpu      ] GC(3) User=0.16s Sys=0.11s Real=0.03s
[2025-08-20T09:29:17.002+0530][gc,start    ] GC(4) Pause Young (Normal) (G1 Evacuation Pause)
[2025-08-20T09:29:17.002+0530][gc,task     ] GC(4) Using 10 workers of 10 for evacuation
[2025-08-20T09:29:17.027+0530][gc,phases   ] GC(4)   Pre Evacuate Collection Set: 0.2ms
[2025-08-20T09:29:17.027+0530][gc,phases   ] GC(4)   Merge Heap Roots: 0.1ms
[2025-08-20T09:29:17.027+0530][gc,phases   ] GC(4)   Evacuate Collection Set: 22.8ms
[2025-08-20T09:29:17.028+0530][gc,phases   ] GC(4)   Post Evacuate Collection Set: 1.3ms
[2025-08-20T09:29:17.028+0530][gc,phases   ] GC(4)   Other: 0.2ms
[2025-08-20T09:29:17.028+0530][gc,heap     ] GC(4) Eden regions: 7->0(8)
[2025-08-20T09:29:17.028+0530][gc,heap     ] GC(4) Survivor regions: 2->1(2)
[2025-08-20T09:29:17.028+0530][gc,heap     ] GC(4) Old regions: 8->10
[2025-08-20T09:29:17.028+0530][gc,heap     ] GC(4) Humongous regions: 4->0
[2025-08-20T09:29:17.028+0530][gc,metaspace] GC(4) Metaspace: 66663K(67328K)->66663K(67328K) NonClass: 59037K(59392K)->59037K(59392K) Class: 7626K(7936K)->7626K(7936K)
[2025-08-20T09:29:17.028+0530][gc          ] GC(4) Pause Young (Normal) (G1 Evacuation Pause) 664M->332M(6144M) 25.323ms
[2025-08-20T09:29:17.028+0530][gc,cpu      ] GC(4) User=0.17s Sys=0.09s Real=0.03s
[2025-08-20T09:29:20.038+0530][gc,start    ] GC(5) Pause Young (Normal) (G1 Evacuation Pause)
[2025-08-20T09:29:20.038+0530][gc,task     ] GC(5) Using 10 workers of 10 for evacuation
[2025-08-20T09:29:20.041+0530][gc,phases   ] GC(5)   Pre Evacuate Collection Set: 0.3ms
[2025-08-20T09:29:20.041+0530][gc,phases   ] GC(5)   Merge Heap Roots: 0.1ms
[2025-08-20T09:29:20.041+0530][gc,phases   ] GC(5)   Evacuate Collection Set: 1.5ms
[2025-08-20T09:29:20.041+0530][gc,phases   ] GC(5)   Post Evacuate Collection Set: 0.8ms
[2025-08-20T09:29:20.041+0530][gc,phases   ] GC(5)   Other: 0.2ms
[2025-08-20T09:29:20.041+0530][gc,heap     ] GC(5) Eden regions: 8->0(8)
[2025-08-20T09:29:20.041+0530][gc,heap     ] GC(5) Survivor regions: 1->1(2)
[2025-08-20T09:29:20.041+0530][gc,heap     ] GC(5) Old regions: 10->10
[2025-08-20T09:29:20.041+0530][gc,heap     ] GC(5) Humongous regions: 5->0
[2025-08-20T09:29:20.041+0530][gc,metaspace] GC(5) Metaspace: 66692K(67392K)->66692K(67392K) NonClass: 59063K(59456K)->59063K(59456K) Class: 7628K(7936K)->7628K(7936K)
[2025-08-20T09:29:20.042+0530][gc          ] GC(5) Pause Young (Normal) (G1 Evacuation Pause) 746M->315M(6144M) 3.842ms
[2025-08-20T09:29:20.042+0530][gc,cpu      ] GC(5) User=0.00s Sys=0.00s Real=0.00s
